<?xml version="1.0" encoding="ISO-8859-1" ?>
<link_info>
   <banner>TI ARM Linker PC v18.12.4.LTS</banner>
   <copyright>Copyright (c) 1996-2018 Texas Instruments Incorporated</copyright>
   <link_time>0x5f609fd4</link_time>
   <link_errors>0x0</link_errors>
   <output_file>FreeRTOS_UART.out</output_file>
   <entry_point>
      <name>_c_int00_noargs</name>
      <address>0x5819</address>
   </entry_point>
   <input_file_list>
      <input_file id="fl-2">
         <path>.\</path>
         <kind>object</kind>
         <file>event_groups.obj</file>
         <name>event_groups.obj</name>
      </input_file>
      <input_file id="fl-3">
         <path>.\</path>
         <kind>object</kind>
         <file>heap_2.obj</file>
         <name>heap_2.obj</name>
      </input_file>
      <input_file id="fl-4">
         <path>.\</path>
         <kind>object</kind>
         <file>list.obj</file>
         <name>list.obj</name>
      </input_file>
      <input_file id="fl-5">
         <path>.\</path>
         <kind>object</kind>
         <file>main (6).obj</file>
         <name>main (6).obj</name>
      </input_file>
      <input_file id="fl-6">
         <path>.\</path>
         <kind>object</kind>
         <file>main.obj</file>
         <name>main.obj</name>
      </input_file>
      <input_file id="fl-7">
         <path>.\</path>
         <kind>object</kind>
         <file>port.obj</file>
         <name>port.obj</name>
      </input_file>
      <input_file id="fl-8">
         <path>.\</path>
         <kind>object</kind>
         <file>portasm.obj</file>
         <name>portasm.obj</name>
      </input_file>
      <input_file id="fl-9">
         <path>.\</path>
         <kind>object</kind>
         <file>queue.obj</file>
         <name>queue.obj</name>
      </input_file>
      <input_file id="fl-a">
         <path>.\</path>
         <kind>object</kind>
         <file>tasks.obj</file>
         <name>tasks.obj</name>
      </input_file>
      <input_file id="fl-b">
         <path>.\</path>
         <kind>object</kind>
         <file>tm4c123gh6pm_startup_ccs.obj</file>
         <name>tm4c123gh6pm_startup_ccs.obj</name>
      </input_file>
      <input_file id="fl-10">
         <kind>object</kind>
         <file>&lt;internal&gt;</file>
         <name>&lt;internal&gt;</name>
      </input_file>
      <input_file id="fl-11">
         <path>E:\Embedded Systems\Tiva C\driverlib\ccs\Debug\</path>
         <kind>archive</kind>
         <file>driverlib.lib</file>
         <name>cpu.obj</name>
      </input_file>
      <input_file id="fl-12">
         <path>E:\Embedded Systems\Tiva C\driverlib\ccs\Debug\</path>
         <kind>archive</kind>
         <file>driverlib.lib</file>
         <name>interrupt.obj</name>
      </input_file>
      <input_file id="fl-c8">
         <path>C:\ti\ccs930\ccs\tools\compiler\ti-cgt-arm_18.12.4.LTS\lib\</path>
         <kind>archive</kind>
         <file>rtsv7M4_T_le_v4SPD16_eabi.lib</file>
         <name>memcpy_t2.asm.obj</name>
      </input_file>
      <input_file id="fl-c9">
         <path>C:\ti\ccs930\ccs\tools\compiler\ti-cgt-arm_18.12.4.LTS\lib\</path>
         <kind>archive</kind>
         <file>rtsv7M4_T_le_v4SPD16_eabi.lib</file>
         <name>memset_t2.asm.obj</name>
      </input_file>
      <input_file id="fl-ca">
         <path>C:\ti\ccs930\ccs\tools\compiler\ti-cgt-arm_18.12.4.LTS\lib\</path>
         <kind>archive</kind>
         <file>rtsv7M4_T_le_v4SPD16_eabi.lib</file>
         <name>copy_zero_init.c.obj</name>
      </input_file>
      <input_file id="fl-cb">
         <path>C:\ti\ccs930\ccs\tools\compiler\ti-cgt-arm_18.12.4.LTS\lib\</path>
         <kind>archive</kind>
         <file>rtsv7M4_T_le_v4SPD16_eabi.lib</file>
         <name>copy_decompress_none.c.obj</name>
      </input_file>
      <input_file id="fl-cc">
         <path>C:\ti\ccs930\ccs\tools\compiler\ti-cgt-arm_18.12.4.LTS\lib\</path>
         <kind>archive</kind>
         <file>rtsv7M4_T_le_v4SPD16_eabi.lib</file>
         <name>copy_decompress_lzss.c.obj</name>
      </input_file>
      <input_file id="fl-cd">
         <path>C:\ti\ccs930\ccs\tools\compiler\ti-cgt-arm_18.12.4.LTS\lib\</path>
         <kind>archive</kind>
         <file>rtsv7M4_T_le_v4SPD16_eabi.lib</file>
         <name>boot_cortex_m.c.obj</name>
      </input_file>
      <input_file id="fl-ce">
         <path>C:\ti\ccs930\ccs\tools\compiler\ti-cgt-arm_18.12.4.LTS\lib\</path>
         <kind>archive</kind>
         <file>rtsv7M4_T_le_v4SPD16_eabi.lib</file>
         <name>autoinit.c.obj</name>
      </input_file>
      <input_file id="fl-cf">
         <path>C:\ti\ccs930\ccs\tools\compiler\ti-cgt-arm_18.12.4.LTS\lib\</path>
         <kind>archive</kind>
         <file>rtsv7M4_T_le_v4SPD16_eabi.lib</file>
         <name>pre_init.c.obj</name>
      </input_file>
      <input_file id="fl-d0">
         <path>C:\ti\ccs930\ccs\tools\compiler\ti-cgt-arm_18.12.4.LTS\lib\</path>
         <kind>archive</kind>
         <file>rtsv7M4_T_le_v4SPD16_eabi.lib</file>
         <name>cpy_tbl.c.obj</name>
      </input_file>
      <input_file id="fl-d1">
         <path>C:\ti\ccs930\ccs\tools\compiler\ti-cgt-arm_18.12.4.LTS\lib\</path>
         <kind>archive</kind>
         <file>rtsv7M4_T_le_v4SPD16_eabi.lib</file>
         <name>exit.c.obj</name>
      </input_file>
      <input_file id="fl-d2">
         <path>C:\ti\ccs930\ccs\tools\compiler\ti-cgt-arm_18.12.4.LTS\lib\</path>
         <kind>archive</kind>
         <file>rtsv7M4_T_le_v4SPD16_eabi.lib</file>
         <name>_lock.c.obj</name>
      </input_file>
      <input_file id="fl-d3">
         <path>C:\ti\ccs930\ccs\tools\compiler\ti-cgt-arm_18.12.4.LTS\lib\</path>
         <kind>archive</kind>
         <file>rtsv7M4_T_le_v4SPD16_eabi.lib</file>
         <name>args_main.c.obj</name>
      </input_file>
   </input_file_list>
   <object_component_list>
      <object_component id="oc-f">
         <name>.intvecs</name>
         <load_address>0x0</load_address>
         <run_address>0x0</run_address>
         <size>0x26c</size>
         <input_file_ref idref="fl-b"/>
      </object_component>
      <object_component id="oc-bf">
         <name>.text</name>
         <load_address>0x26c</load_address>
         <run_address>0x26c</run_address>
         <size>0x23e0</size>
         <input_file_ref idref="fl-6"/>
      </object_component>
      <object_component id="oc-7c">
         <name>.text</name>
         <load_address>0x264c</load_address>
         <run_address>0x264c</run_address>
         <size>0x1c84</size>
         <input_file_ref idref="fl-a"/>
      </object_component>
      <object_component id="oc-165">
         <name>.text</name>
         <load_address>0x42d0</load_address>
         <run_address>0x42d0</run_address>
         <size>0xcf8</size>
         <input_file_ref idref="fl-9"/>
      </object_component>
      <object_component id="oc-2f">
         <name>.text</name>
         <load_address>0x4fc8</load_address>
         <run_address>0x4fc8</run_address>
         <size>0x1c4</size>
         <input_file_ref idref="fl-7"/>
      </object_component>
      <object_component id="oc-db">
         <name>.text</name>
         <load_address>0x518c</load_address>
         <run_address>0x518c</run_address>
         <size>0x1b8</size>
         <input_file_ref idref="fl-3"/>
      </object_component>
      <object_component id="oc-e1">
         <name>.text</name>
         <load_address>0x5344</load_address>
         <run_address>0x5344</run_address>
         <size>0x132</size>
         <input_file_ref idref="fl-4"/>
      </object_component>
      <object_component id="oc-20b">
         <name>.text:_IntDefaultHandler</name>
         <load_address>0x5476</load_address>
         <run_address>0x5476</run_address>
         <size>0x2</size>
         <input_file_ref idref="fl-12"/>
      </object_component>
      <object_component id="oc-2a">
         <name>.text</name>
         <load_address>0x5478</load_address>
         <run_address>0x5478</run_address>
         <size>0xda</size>
         <input_file_ref idref="fl-8"/>
      </object_component>
      <object_component id="oc-43">
         <name>.text</name>
         <load_address>0x5552</load_address>
         <run_address>0x5552</run_address>
         <size>0x9c</size>
         <input_file_ref idref="fl-c8"/>
      </object_component>
      <object_component id="oc-b3">
         <name>.text</name>
         <load_address>0x55ee</load_address>
         <run_address>0x55ee</run_address>
         <size>0x7a</size>
         <input_file_ref idref="fl-c9"/>
      </object_component>
      <object_component id="oc-13d">
         <name>.text:IntDisable</name>
         <load_address>0x5668</load_address>
         <run_address>0x5668</run_address>
         <size>0x68</size>
         <input_file_ref idref="fl-12"/>
      </object_component>
      <object_component id="oc-137">
         <name>.text:IntEnable</name>
         <load_address>0x56d0</load_address>
         <run_address>0x56d0</run_address>
         <size>0x68</size>
         <input_file_ref idref="fl-12"/>
      </object_component>
      <object_component id="oc-12">
         <name>.text:decompress:lzss:__TI_decompress_lzss</name>
         <load_address>0x5738</load_address>
         <run_address>0x5738</run_address>
         <size>0x68</size>
         <input_file_ref idref="fl-cc"/>
      </object_component>
      <object_component id="oc-188">
         <name>.text:__TI_auto_init_nobinit_nopinit:__TI_auto_init_nobinit_nopinit</name>
         <load_address>0x57a0</load_address>
         <run_address>0x57a0</run_address>
         <size>0x44</size>
         <input_file_ref idref="fl-ce"/>
      </object_component>
      <object_component id="oc-131">
         <name>.text:IntRegister</name>
         <load_address>0x57e4</load_address>
         <run_address>0x57e4</run_address>
         <size>0x34</size>
         <input_file_ref idref="fl-12"/>
      </object_component>
      <object_component id="oc-61">
         <name>.text:_c_int00_noargs:_c_int00_noargs</name>
         <load_address>0x5818</load_address>
         <run_address>0x5818</run_address>
         <size>0x34</size>
         <input_file_ref idref="fl-cd"/>
      </object_component>
      <object_component id="oc-143">
         <name>.text:IntUnregister</name>
         <load_address>0x584c</load_address>
         <run_address>0x584c</run_address>
         <size>0x14</size>
         <input_file_ref idref="fl-12"/>
      </object_component>
      <object_component id="oc-18">
         <name>.text:decompress:none:__TI_decompress_none</name>
         <load_address>0x5860</load_address>
         <run_address>0x5860</run_address>
         <size>0xe</size>
         <input_file_ref idref="fl-cb"/>
      </object_component>
      <object_component id="oc-55">
         <name>.text:decompress:ZI:__TI_zero_init</name>
         <load_address>0x586e</load_address>
         <run_address>0x586e</run_address>
         <size>0xc</size>
         <input_file_ref idref="fl-ca"/>
      </object_component>
      <object_component id="oc-24">
         <name>.text</name>
         <load_address>0x587a</load_address>
         <run_address>0x587a</run_address>
         <size>0xc</size>
         <input_file_ref idref="fl-b"/>
      </object_component>
      <object_component id="oc-164">
         <name>.text:SysCtlDelay</name>
         <load_address>0x5886</load_address>
         <run_address>0x5886</run_address>
         <size>0x6</size>
         <input_file_ref idref="fl-6"/>
      </object_component>
      <object_component id="oc-155">
         <name>.text:CPUwfi</name>
         <load_address>0x588c</load_address>
         <run_address>0x588c</run_address>
         <size>0x4</size>
         <input_file_ref idref="fl-11"/>
      </object_component>
      <object_component id="oc-b9">
         <name>.text:_system_pre_init</name>
         <load_address>0x5890</load_address>
         <run_address>0x5890</run_address>
         <size>0x4</size>
         <input_file_ref idref="fl-cf"/>
      </object_component>
      <object_component id="oc-17c">
         <name>.text:abort:abort</name>
         <load_address>0x5894</load_address>
         <run_address>0x5894</run_address>
         <size>0x4</size>
         <input_file_ref idref="fl-d1"/>
      </object_component>
      <object_component id="oc-161">
         <name>.const:g_pppui32XTALtoVCO</name>
         <load_address>0x5898</load_address>
         <run_address>0x5898</run_address>
         <size>0x1b0</size>
         <input_file_ref idref="fl-6"/>
      </object_component>
      <object_component id="oc-12e">
         <name>.const:g_ppui32GPIOIntMapSnowflake</name>
         <load_address>0x5a48</load_address>
         <run_address>0x5a48</run_address>
         <size>0xd8</size>
         <input_file_ref idref="fl-6"/>
      </object_component>
      <object_component id="oc-12b">
         <name>.const:g_ppui32GPIOIntMapBlizzard</name>
         <load_address>0x5b20</load_address>
         <run_address>0x5b20</run_address>
         <size>0xc0</size>
         <input_file_ref idref="fl-6"/>
      </object_component>
      <object_component id="oc-149">
         <name>.const:g_pui32GPIOBaseAddrs</name>
         <load_address>0x5be0</load_address>
         <run_address>0x5be0</run_address>
         <size>0x90</size>
         <input_file_ref idref="fl-6"/>
      </object_component>
      <object_component id="oc-15b">
         <name>.const:g_pui32Xtals</name>
         <load_address>0x5c70</load_address>
         <run_address>0x5c70</run_address>
         <size>0x6c</size>
         <input_file_ref idref="fl-6"/>
      </object_component>
      <object_component id="oc-14c">
         <name>.const:g_ppui32UARTIntMap</name>
         <load_address>0x5cdc</load_address>
         <run_address>0x5cdc</run_address>
         <size>0x40</size>
         <input_file_ref idref="fl-6"/>
      </object_component>
      <object_component id="oc-14f">
         <name>.const:g_ppui32UARTIntMapSnowflake</name>
         <load_address>0x5d1c</load_address>
         <run_address>0x5d1c</run_address>
         <size>0x40</size>
         <input_file_ref idref="fl-6"/>
      </object_component>
      <object_component id="oc-152">
         <name>.const:g_sXTALtoMEMTIM</name>
         <load_address>0x5d5c</load_address>
         <run_address>0x5d5c</run_address>
         <size>0x30</size>
         <input_file_ref idref="fl-6"/>
      </object_component>
      <object_component id="oc-16e">
         <name>.const:.string:$P$T0$1</name>
         <load_address>0x5d8c</load_address>
         <run_address>0x5d8c</run_address>
         <size>0x22</size>
         <input_file_ref idref="fl-6"/>
      </object_component>
      <object_component id="oc-207">
         <name>.const:g_pui32Dii16Regs</name>
         <load_address>0x5db0</load_address>
         <run_address>0x5db0</run_address>
         <size>0x14</size>
         <input_file_ref idref="fl-12"/>
      </object_component>
      <object_component id="oc-203">
         <name>.const:g_pui32EnRegs</name>
         <load_address>0x5dc4</load_address>
         <run_address>0x5dc4</run_address>
         <size>0x14</size>
         <input_file_ref idref="fl-12"/>
      </object_component>
      <object_component id="oc-15e">
         <name>.const:g_pui32VCOFrequencies</name>
         <load_address>0x5dd8</load_address>
         <run_address>0x5dd8</run_address>
         <size>0x8</size>
         <input_file_ref idref="fl-6"/>
      </object_component>
      <object_component id="oc-79">
         <name>.const</name>
         <load_address>0x5de0</load_address>
         <run_address>0x5de0</run_address>
         <size>0x8</size>
         <input_file_ref idref="fl-7"/>
      </object_component>
      <object_component id="oc-2d2">
         <name>.cinit..data.load</name>
         <load_address>0x5de8</load_address>
         <run_address>0x5de8</run_address>
         <size>0x1b</size>
      </object_component>
      <object_component id="oc-2cf">
         <name>__TI_handler_table</name>
         <load_address>0x5e04</load_address>
         <run_address>0x5e04</run_address>
         <size>0xc</size>
      </object_component>
      <object_component id="oc-2d3">
         <name>.cinit..bss.load</name>
         <load_address>0x5e10</load_address>
         <run_address>0x5e10</run_address>
         <size>0x8</size>
      </object_component>
      <object_component id="oc-2d1">
         <name>.cinit..vtable.load</name>
         <load_address>0x5e18</load_address>
         <run_address>0x5e18</run_address>
         <size>0x8</size>
      </object_component>
      <object_component id="oc-2d0">
         <name>__TI_cinit_table</name>
         <load_address>0x5e20</load_address>
         <run_address>0x5e20</run_address>
         <size>0x18</size>
      </object_component>
      <object_component id="oc-1fe">
         <name>.vtable</name>
         <uninitialized>true</uninitialized>
         <run_address>0x20000000</run_address>
         <size>0x26c</size>
         <input_file_ref idref="fl-12"/>
      </object_component>
      <object_component id="oc-1d0">
         <name>.data</name>
         <load_address>0x20005400</load_address>
         <run_address>0x20005400</run_address>
         <size>0x8</size>
         <input_file_ref idref="fl-3"/>
      </object_component>
      <object_component id="oc-83">
         <name>.data</name>
         <load_address>0x200053f4</load_address>
         <run_address>0x200053f4</run_address>
         <size>0xc</size>
         <input_file_ref idref="fl-7"/>
      </object_component>
      <object_component id="oc-76">
         <name>.data</name>
         <load_address>0x200053c0</load_address>
         <run_address>0x200053c0</run_address>
         <size>0x34</size>
         <input_file_ref idref="fl-a"/>
      </object_component>
      <object_component id="oc-1d9">
         <name>.bss:ucHeap</name>
         <uninitialized>true</uninitialized>
         <run_address>0x2000026c</run_address>
         <size>0x4e20</size>
         <input_file_ref idref="fl-3"/>
      </object_component>
      <object_component id="oc-1d3">
         <name>.bss:xStart</name>
         <uninitialized>true</uninitialized>
         <run_address>0x200051b4</run_address>
         <size>0x8</size>
         <input_file_ref idref="fl-3"/>
      </object_component>
      <object_component id="oc-1d6">
         <name>.bss:xEnd</name>
         <uninitialized>true</uninitialized>
         <run_address>0x200051ac</run_address>
         <size>0x8</size>
         <input_file_ref idref="fl-3"/>
      </object_component>
      <object_component id="oc-e7">
         <name>.bss:pxReadyTasksLists</name>
         <uninitialized>true</uninitialized>
         <run_address>0x2000508c</run_address>
         <size>0x64</size>
         <input_file_ref idref="fl-a"/>
      </object_component>
      <object_component id="oc-f6">
         <name>.bss:xDelayedTaskList1</name>
         <uninitialized>true</uninitialized>
         <run_address>0x20005140</run_address>
         <size>0x14</size>
         <input_file_ref idref="fl-a"/>
      </object_component>
      <object_component id="oc-f9">
         <name>.bss:xDelayedTaskList2</name>
         <uninitialized>true</uninitialized>
         <run_address>0x20005154</run_address>
         <size>0x14</size>
         <input_file_ref idref="fl-a"/>
      </object_component>
      <object_component id="oc-ed">
         <name>.bss</name>
         <uninitialized>true</uninitialized>
         <run_address>0x200051a4</run_address>
         <size>0x8</size>
         <input_file_ref idref="fl-a"/>
      </object_component>
      <object_component id="oc-f3">
         <name>.bss:xPendingReadyList</name>
         <uninitialized>true</uninitialized>
         <run_address>0x20005168</run_address>
         <size>0x14</size>
         <input_file_ref idref="fl-a"/>
      </object_component>
      <object_component id="oc-ea">
         <name>.bss:xTasksWaitingTermination</name>
         <uninitialized>true</uninitialized>
         <run_address>0x20005190</run_address>
         <size>0x14</size>
         <input_file_ref idref="fl-a"/>
      </object_component>
      <object_component id="oc-f0">
         <name>.bss:xSuspendedTaskList</name>
         <uninitialized>true</uninitialized>
         <run_address>0x2000517c</run_address>
         <size>0x14</size>
         <input_file_ref idref="fl-a"/>
      </object_component>
      <object_component id="oc-16b">
         <name>.common:ColorHandle</name>
         <uninitialized>true</uninitialized>
         <run_address>0x200051bc</run_address>
         <size>0x4</size>
      </object_component>
      <object_component id="oc-221">
         <name>.common:xQueueRegistry</name>
         <uninitialized>true</uninitialized>
         <run_address>0x200050f0</run_address>
         <size>0x50</size>
      </object_component>
      <object_component id="oc-21">
         <name>.stack</name>
         <uninitialized>true</uninitialized>
         <run_address>0x200051c0</run_address>
         <size>0x4</size>
         <input_file_ref idref="fl-cd"/>
      </object_component>
      <object_component id="oc-2d4">
         <name>.stack</name>
         <uninitialized>true</uninitialized>
         <run_address>0x200051c0</run_address>
         <size>0x0</size>
      </object_component>
      <object_component id="oc-115">
         <name>.debug_info</name>
         <load_address>0x0</load_address>
         <run_address>0x0</run_address>
         <size>0x648</size>
         <input_file_ref idref="fl-2"/>
      </object_component>
      <object_component id="oc-106">
         <name>.debug_info</name>
         <load_address>0x648</load_address>
         <run_address>0x648</run_address>
         <size>0x315</size>
         <input_file_ref idref="fl-2"/>
      </object_component>
      <object_component id="oc-1c1">
         <name>.debug_info</name>
         <load_address>0x95d</load_address>
         <run_address>0x95d</run_address>
         <size>0x110</size>
         <input_file_ref idref="fl-2"/>
      </object_component>
      <object_component id="oc-99">
         <name>.debug_info</name>
         <load_address>0xa6d</load_address>
         <run_address>0xa6d</run_address>
         <size>0x26b</size>
         <input_file_ref idref="fl-2"/>
      </object_component>
      <object_component id="oc-1cb">
         <name>.debug_info</name>
         <load_address>0xcd8</load_address>
         <run_address>0xcd8</run_address>
         <size>0x476</size>
         <input_file_ref idref="fl-2"/>
      </object_component>
      <object_component id="oc-1f0">
         <name>.debug_info</name>
         <load_address>0x114e</load_address>
         <run_address>0x114e</run_address>
         <size>0x76</size>
         <input_file_ref idref="fl-2"/>
      </object_component>
      <object_component id="oc-1f5">
         <name>.debug_info</name>
         <load_address>0x11c4</load_address>
         <run_address>0x11c4</run_address>
         <size>0x39</size>
         <input_file_ref idref="fl-2"/>
      </object_component>
      <object_component id="oc-3e">
         <name>.debug_info</name>
         <load_address>0x11fd</load_address>
         <run_address>0x11fd</run_address>
         <size>0x84</size>
         <input_file_ref idref="fl-2"/>
      </object_component>
      <object_component id="oc-88">
         <name>.debug_info</name>
         <load_address>0x1281</load_address>
         <run_address>0x1281</run_address>
         <size>0x2c</size>
         <input_file_ref idref="fl-2"/>
      </object_component>
      <object_component id="oc-1bc">
         <name>.debug_info</name>
         <load_address>0x12ad</load_address>
         <run_address>0x12ad</run_address>
         <size>0x4f</size>
         <input_file_ref idref="fl-2"/>
      </object_component>
      <object_component id="oc-116">
         <name>.debug_info</name>
         <load_address>0x12fc</load_address>
         <run_address>0x12fc</run_address>
         <size>0x297</size>
         <input_file_ref idref="fl-2"/>
      </object_component>
      <object_component id="oc-177">
         <name>.debug_info</name>
         <load_address>0x1593</load_address>
         <run_address>0x1593</run_address>
         <size>0xef</size>
         <input_file_ref idref="fl-2"/>
      </object_component>
      <object_component id="oc-92">
         <name>.debug_info</name>
         <load_address>0x1682</load_address>
         <run_address>0x1682</run_address>
         <size>0xbb</size>
         <input_file_ref idref="fl-2"/>
      </object_component>
      <object_component id="oc-8d">
         <name>.debug_info</name>
         <load_address>0x173d</load_address>
         <run_address>0x173d</run_address>
         <size>0x53</size>
         <input_file_ref idref="fl-2"/>
      </object_component>
      <object_component id="oc-10b">
         <name>.debug_info</name>
         <load_address>0x1790</load_address>
         <run_address>0x1790</run_address>
         <size>0x14c</size>
         <input_file_ref idref="fl-2"/>
      </object_component>
      <object_component id="oc-1dd">
         <name>.debug_info</name>
         <load_address>0x18dc</load_address>
         <run_address>0x18dc</run_address>
         <size>0x413</size>
         <input_file_ref idref="fl-3"/>
      </object_component>
      <object_component id="oc-1da">
         <name>.debug_info</name>
         <load_address>0x1cef</load_address>
         <run_address>0x1cef</run_address>
         <size>0xd2</size>
         <input_file_ref idref="fl-3"/>
      </object_component>
      <object_component id="oc-1d4">
         <name>.debug_info</name>
         <load_address>0x1dc1</load_address>
         <run_address>0x1dc1</run_address>
         <size>0xd2</size>
         <input_file_ref idref="fl-3"/>
      </object_component>
      <object_component id="oc-1d7">
         <name>.debug_info</name>
         <load_address>0x1e93</load_address>
         <run_address>0x1e93</run_address>
         <size>0xce</size>
         <input_file_ref idref="fl-3"/>
      </object_component>
      <object_component id="oc-1d1">
         <name>.debug_info</name>
         <load_address>0x1f61</load_address>
         <run_address>0x1f61</run_address>
         <size>0xec</size>
         <input_file_ref idref="fl-3"/>
      </object_component>
      <object_component id="oc-dd">
         <name>.debug_info</name>
         <load_address>0x204d</load_address>
         <run_address>0x204d</run_address>
         <size>0x548</size>
         <input_file_ref idref="fl-3"/>
      </object_component>
      <object_component id="oc-25b">
         <name>.debug_info</name>
         <load_address>0x2595</load_address>
         <run_address>0x2595</run_address>
         <size>0x62</size>
         <input_file_ref idref="fl-3"/>
      </object_component>
      <object_component id="oc-1df">
         <name>.debug_info</name>
         <load_address>0x25f7</load_address>
         <run_address>0x25f7</run_address>
         <size>0x37a</size>
         <input_file_ref idref="fl-4"/>
      </object_component>
      <object_component id="oc-e3">
         <name>.debug_info</name>
         <load_address>0x2971</load_address>
         <run_address>0x2971</run_address>
         <size>0x44a</size>
         <input_file_ref idref="fl-4"/>
      </object_component>
      <object_component id="oc-16c">
         <name>.debug_info</name>
         <load_address>0x2dbb</load_address>
         <run_address>0x2dbb</run_address>
         <size>0x72a</size>
         <input_file_ref idref="fl-6"/>
      </object_component>
      <object_component id="oc-12c">
         <name>.debug_info</name>
         <load_address>0x34e5</load_address>
         <run_address>0x34e5</run_address>
         <size>0xf8</size>
         <input_file_ref idref="fl-6"/>
      </object_component>
      <object_component id="oc-12f">
         <name>.debug_info</name>
         <load_address>0x35dd</load_address>
         <run_address>0x35dd</run_address>
         <size>0xfa</size>
         <input_file_ref idref="fl-6"/>
      </object_component>
      <object_component id="oc-14a">
         <name>.debug_info</name>
         <load_address>0x36d7</load_address>
         <run_address>0x36d7</run_address>
         <size>0xec</size>
         <input_file_ref idref="fl-6"/>
      </object_component>
      <object_component id="oc-14d">
         <name>.debug_info</name>
         <load_address>0x37c3</load_address>
         <run_address>0x37c3</run_address>
         <size>0xe8</size>
         <input_file_ref idref="fl-6"/>
      </object_component>
      <object_component id="oc-150">
         <name>.debug_info</name>
         <load_address>0x38ab</load_address>
         <run_address>0x38ab</run_address>
         <size>0xfa</size>
         <input_file_ref idref="fl-6"/>
      </object_component>
      <object_component id="oc-15c">
         <name>.debug_info</name>
         <load_address>0x39a5</load_address>
         <run_address>0x39a5</run_address>
         <size>0xdc</size>
         <input_file_ref idref="fl-6"/>
      </object_component>
      <object_component id="oc-162">
         <name>.debug_info</name>
         <load_address>0x3a81</load_address>
         <run_address>0x3a81</run_address>
         <size>0xe8</size>
         <input_file_ref idref="fl-6"/>
      </object_component>
      <object_component id="oc-153">
         <name>.debug_info</name>
         <load_address>0x3b69</load_address>
         <run_address>0x3b69</run_address>
         <size>0xe2</size>
         <input_file_ref idref="fl-6"/>
      </object_component>
      <object_component id="oc-15f">
         <name>.debug_info</name>
         <load_address>0x3c4b</load_address>
         <run_address>0x3c4b</run_address>
         <size>0xef</size>
         <input_file_ref idref="fl-6"/>
      </object_component>
      <object_component id="oc-16f">
         <name>.debug_info</name>
         <load_address>0x3d3a</load_address>
         <run_address>0x3d3a</run_address>
         <size>0xd2</size>
         <input_file_ref idref="fl-6"/>
      </object_component>
      <object_component id="oc-c0">
         <name>.debug_info</name>
         <load_address>0x3e0c</load_address>
         <run_address>0x3e0c</run_address>
         <size>0xa4b6</size>
         <input_file_ref idref="fl-6"/>
      </object_component>
      <object_component id="oc-22c">
         <name>.debug_info</name>
         <load_address>0xe2c2</load_address>
         <run_address>0xe2c2</run_address>
         <size>0x51</size>
         <input_file_ref idref="fl-6"/>
      </object_component>
      <object_component id="oc-110">
         <name>.debug_info</name>
         <load_address>0xe313</load_address>
         <run_address>0xe313</run_address>
         <size>0x476</size>
         <input_file_ref idref="fl-6"/>
      </object_component>
      <object_component id="oc-230">
         <name>.debug_info</name>
         <load_address>0xe789</load_address>
         <run_address>0xe789</run_address>
         <size>0x4f</size>
         <input_file_ref idref="fl-6"/>
      </object_component>
      <object_component id="oc-172">
         <name>.debug_info</name>
         <load_address>0xe7d8</load_address>
         <run_address>0xe7d8</run_address>
         <size>0x8b</size>
         <input_file_ref idref="fl-6"/>
      </object_component>
      <object_component id="oc-101">
         <name>.debug_info</name>
         <load_address>0xe863</load_address>
         <run_address>0xe863</run_address>
         <size>0x53</size>
         <input_file_ref idref="fl-6"/>
      </object_component>
      <object_component id="oc-87">
         <name>.debug_info</name>
         <load_address>0xe8b6</load_address>
         <run_address>0xe8b6</run_address>
         <size>0x450</size>
         <input_file_ref idref="fl-7"/>
      </object_component>
      <object_component id="oc-7a">
         <name>.debug_info</name>
         <load_address>0xed06</load_address>
         <run_address>0xed06</run_address>
         <size>0x147</size>
         <input_file_ref idref="fl-7"/>
      </object_component>
      <object_component id="oc-84">
         <name>.debug_info</name>
         <load_address>0xee4d</load_address>
         <run_address>0xee4d</run_address>
         <size>0x152</size>
         <input_file_ref idref="fl-7"/>
      </object_component>
      <object_component id="oc-30">
         <name>.debug_info</name>
         <load_address>0xef9f</load_address>
         <run_address>0xef9f</run_address>
         <size>0x632</size>
         <input_file_ref idref="fl-7"/>
      </object_component>
      <object_component id="oc-2b">
         <name>.debug_info</name>
         <load_address>0xf5d1</load_address>
         <run_address>0xf5d1</run_address>
         <size>0x234</size>
         <input_file_ref idref="fl-8"/>
      </object_component>
      <object_component id="oc-222">
         <name>.debug_info</name>
         <load_address>0xf805</load_address>
         <run_address>0xf805</run_address>
         <size>0x88c</size>
         <input_file_ref idref="fl-9"/>
      </object_component>
      <object_component id="oc-167">
         <name>.debug_info</name>
         <load_address>0x10091</load_address>
         <run_address>0x10091</run_address>
         <size>0x32d3</size>
         <input_file_ref idref="fl-9"/>
      </object_component>
      <object_component id="oc-273">
         <name>.debug_info</name>
         <load_address>0x13364</load_address>
         <run_address>0x13364</run_address>
         <size>0x23f</size>
         <input_file_ref idref="fl-9"/>
      </object_component>
      <object_component id="oc-225">
         <name>.debug_info</name>
         <load_address>0x135a3</load_address>
         <run_address>0x135a3</run_address>
         <size>0x46</size>
         <input_file_ref idref="fl-9"/>
      </object_component>
      <object_component id="oc-d3">
         <name>.debug_info</name>
         <load_address>0x135e9</load_address>
         <run_address>0x135e9</run_address>
         <size>0x7ab</size>
         <input_file_ref idref="fl-a"/>
      </object_component>
      <object_component id="oc-77">
         <name>.debug_info</name>
         <load_address>0x13d94</load_address>
         <run_address>0x13d94</run_address>
         <size>0x33f</size>
         <input_file_ref idref="fl-a"/>
      </object_component>
      <object_component id="oc-e8">
         <name>.debug_info</name>
         <load_address>0x140d3</load_address>
         <run_address>0x140d3</run_address>
         <size>0xe8</size>
         <input_file_ref idref="fl-a"/>
      </object_component>
      <object_component id="oc-f7">
         <name>.debug_info</name>
         <load_address>0x141bb</load_address>
         <run_address>0x141bb</run_address>
         <size>0xe8</size>
         <input_file_ref idref="fl-a"/>
      </object_component>
      <object_component id="oc-fa">
         <name>.debug_info</name>
         <load_address>0x142a3</load_address>
         <run_address>0x142a3</run_address>
         <size>0xe8</size>
         <input_file_ref idref="fl-a"/>
      </object_component>
      <object_component id="oc-ee">
         <name>.debug_info</name>
         <load_address>0x1438b</load_address>
         <run_address>0x1438b</run_address>
         <size>0x12b</size>
         <input_file_ref idref="fl-a"/>
      </object_component>
      <object_component id="oc-f4">
         <name>.debug_info</name>
         <load_address>0x144b6</load_address>
         <run_address>0x144b6</run_address>
         <size>0xe8</size>
         <input_file_ref idref="fl-a"/>
      </object_component>
      <object_component id="oc-eb">
         <name>.debug_info</name>
         <load_address>0x1459e</load_address>
         <run_address>0x1459e</run_address>
         <size>0xf6</size>
         <input_file_ref idref="fl-a"/>
      </object_component>
      <object_component id="oc-f1">
         <name>.debug_info</name>
         <load_address>0x14694</load_address>
         <run_address>0x14694</run_address>
         <size>0xea</size>
         <input_file_ref idref="fl-a"/>
      </object_component>
      <object_component id="oc-7f">
         <name>.debug_info</name>
         <load_address>0x1477e</load_address>
         <run_address>0x1477e</run_address>
         <size>0x4fbc</size>
         <input_file_ref idref="fl-a"/>
      </object_component>
      <object_component id="oc-d4">
         <name>.debug_info</name>
         <load_address>0x1973a</load_address>
         <run_address>0x1973a</run_address>
         <size>0x30c</size>
         <input_file_ref idref="fl-a"/>
      </object_component>
      <object_component id="oc-1c6">
         <name>.debug_info</name>
         <load_address>0x19a46</load_address>
         <run_address>0x19a46</run_address>
         <size>0x159</size>
         <input_file_ref idref="fl-a"/>
      </object_component>
      <object_component id="oc-37">
         <name>.debug_info</name>
         <load_address>0x19b9f</load_address>
         <run_address>0x19b9f</run_address>
         <size>0x332</size>
         <input_file_ref idref="fl-b"/>
      </object_component>
      <object_component id="oc-10">
         <name>.debug_info</name>
         <load_address>0x19ed1</load_address>
         <run_address>0x19ed1</run_address>
         <size>0xf1</size>
         <input_file_ref idref="fl-b"/>
      </object_component>
      <object_component id="oc-26">
         <name>.debug_info</name>
         <load_address>0x19fc2</load_address>
         <run_address>0x19fc2</run_address>
         <size>0x26d</size>
         <input_file_ref idref="fl-b"/>
      </object_component>
      <object_component id="oc-157">
         <name>.debug_info</name>
         <load_address>0x1a22f</load_address>
         <run_address>0x1a22f</run_address>
         <size>0x213</size>
         <input_file_ref idref="fl-11"/>
      </object_component>
      <object_component id="oc-202">
         <name>.debug_info</name>
         <load_address>0x1a442</load_address>
         <run_address>0x1a442</run_address>
         <size>0x3b7</size>
         <input_file_ref idref="fl-12"/>
      </object_component>
      <object_component id="oc-204">
         <name>.debug_info</name>
         <load_address>0x1a7f9</load_address>
         <run_address>0x1a7f9</run_address>
         <size>0x15b</size>
         <input_file_ref idref="fl-12"/>
      </object_component>
      <object_component id="oc-208">
         <name>.debug_info</name>
         <load_address>0x1a954</load_address>
         <run_address>0x1a954</run_address>
         <size>0x161</size>
         <input_file_ref idref="fl-12"/>
      </object_component>
      <object_component id="oc-1ff">
         <name>.debug_info</name>
         <load_address>0x1aab5</load_address>
         <run_address>0x1aab5</run_address>
         <size>0x160</size>
         <input_file_ref idref="fl-12"/>
      </object_component>
      <object_component id="oc-20f">
         <name>.debug_info</name>
         <load_address>0x1ac15</load_address>
         <run_address>0x1ac15</run_address>
         <size>0x22e</size>
         <input_file_ref idref="fl-12"/>
      </object_component>
      <object_component id="oc-147">
         <name>.debug_info</name>
         <load_address>0x1ae43</load_address>
         <run_address>0x1ae43</run_address>
         <size>0x279</size>
         <input_file_ref idref="fl-12"/>
      </object_component>
      <object_component id="oc-135">
         <name>.debug_info</name>
         <load_address>0x1b0bc</load_address>
         <run_address>0x1b0bc</run_address>
         <size>0x2ca</size>
         <input_file_ref idref="fl-12"/>
      </object_component>
      <object_component id="oc-13b">
         <name>.debug_info</name>
         <load_address>0x1b386</load_address>
         <run_address>0x1b386</run_address>
         <size>0x271</size>
         <input_file_ref idref="fl-12"/>
      </object_component>
      <object_component id="oc-141">
         <name>.debug_info</name>
         <load_address>0x1b5f7</load_address>
         <run_address>0x1b5f7</run_address>
         <size>0x273</size>
         <input_file_ref idref="fl-12"/>
      </object_component>
      <object_component id="oc-46">
         <name>.debug_info</name>
         <load_address>0x1b86a</load_address>
         <run_address>0x1b86a</run_address>
         <size>0x118</size>
         <input_file_ref idref="fl-c8"/>
      </object_component>
      <object_component id="oc-b5">
         <name>.debug_info</name>
         <load_address>0x1b982</load_address>
         <run_address>0x1b982</run_address>
         <size>0x146</size>
         <input_file_ref idref="fl-c9"/>
      </object_component>
      <object_component id="oc-b2">
         <name>.debug_info</name>
         <load_address>0x1bac8</load_address>
         <run_address>0x1bac8</run_address>
         <size>0x2d3</size>
         <input_file_ref idref="fl-ca"/>
      </object_component>
      <object_component id="oc-58">
         <name>.debug_info</name>
         <load_address>0x1bd9b</load_address>
         <run_address>0x1bd9b</run_address>
         <size>0x1b4</size>
         <input_file_ref idref="fl-ca"/>
      </object_component>
      <object_component id="oc-ad">
         <name>.debug_info</name>
         <load_address>0x1bf4f</load_address>
         <run_address>0x1bf4f</run_address>
         <size>0x46</size>
         <input_file_ref idref="fl-ca"/>
      </object_component>
      <object_component id="oc-122">
         <name>.debug_info</name>
         <load_address>0x1bf95</load_address>
         <run_address>0x1bf95</run_address>
         <size>0x2c</size>
         <input_file_ref idref="fl-ca"/>
      </object_component>
      <object_component id="oc-4e">
         <name>.debug_info</name>
         <load_address>0x1bfc1</load_address>
         <run_address>0x1bfc1</run_address>
         <size>0x2a7</size>
         <input_file_ref idref="fl-cb"/>
      </object_component>
      <object_component id="oc-1b">
         <name>.debug_info</name>
         <load_address>0x1c268</load_address>
         <run_address>0x1c268</run_address>
         <size>0x1e9</size>
         <input_file_ref idref="fl-cb"/>
      </object_component>
      <object_component id="oc-49">
         <name>.debug_info</name>
         <load_address>0x1c451</load_address>
         <run_address>0x1c451</run_address>
         <size>0x46</size>
         <input_file_ref idref="fl-cb"/>
      </object_component>
      <object_component id="oc-a5">
         <name>.debug_info</name>
         <load_address>0x1c497</load_address>
         <run_address>0x1c497</run_address>
         <size>0x2c</size>
         <input_file_ref idref="fl-cb"/>
      </object_component>
      <object_component id="oc-a3">
         <name>.debug_info</name>
         <load_address>0x1c4c3</load_address>
         <run_address>0x1c4c3</run_address>
         <size>0x29d</size>
         <input_file_ref idref="fl-cc"/>
      </object_component>
      <object_component id="oc-15">
         <name>.debug_info</name>
         <load_address>0x1c760</load_address>
         <run_address>0x1c760</run_address>
         <size>0x24f</size>
         <input_file_ref idref="fl-cc"/>
      </object_component>
      <object_component id="oc-39">
         <name>.debug_info</name>
         <load_address>0x1c9af</load_address>
         <run_address>0x1c9af</run_address>
         <size>0x60</size>
         <input_file_ref idref="fl-cc"/>
      </object_component>
      <object_component id="oc-11b">
         <name>.debug_info</name>
         <load_address>0x1ca0f</load_address>
         <run_address>0x1ca0f</run_address>
         <size>0x46</size>
         <input_file_ref idref="fl-cc"/>
      </object_component>
      <object_component id="oc-9e">
         <name>.debug_info</name>
         <load_address>0x1ca55</load_address>
         <run_address>0x1ca55</run_address>
         <size>0x39</size>
         <input_file_ref idref="fl-cc"/>
      </object_component>
      <object_component id="oc-22">
         <name>.debug_info</name>
         <load_address>0x1ca8e</load_address>
         <run_address>0x1ca8e</run_address>
         <size>0x10a</size>
         <input_file_ref idref="fl-cd"/>
      </object_component>
      <object_component id="oc-62">
         <name>.debug_info</name>
         <load_address>0x1cb98</load_address>
         <run_address>0x1cb98</run_address>
         <size>0x1a8</size>
         <input_file_ref idref="fl-cd"/>
      </object_component>
      <object_component id="oc-242">
         <name>.debug_info</name>
         <load_address>0x1cd40</load_address>
         <run_address>0x1cd40</run_address>
         <size>0x4b2</size>
         <input_file_ref idref="fl-ce"/>
      </object_component>
      <object_component id="oc-189">
         <name>.debug_info</name>
         <load_address>0x1d1f2</load_address>
         <run_address>0x1d1f2</run_address>
         <size>0x1a5</size>
         <input_file_ref idref="fl-ce"/>
      </object_component>
      <object_component id="oc-288">
         <name>.debug_info</name>
         <load_address>0x1d397</load_address>
         <run_address>0x1d397</run_address>
         <size>0x39</size>
         <input_file_ref idref="fl-ce"/>
      </object_component>
      <object_component id="oc-29c">
         <name>.debug_info</name>
         <load_address>0x1d3d0</load_address>
         <run_address>0x1d3d0</run_address>
         <size>0x39</size>
         <input_file_ref idref="fl-ce"/>
      </object_component>
      <object_component id="oc-28d">
         <name>.debug_info</name>
         <load_address>0x1d409</load_address>
         <run_address>0x1d409</run_address>
         <size>0x39</size>
         <input_file_ref idref="fl-ce"/>
      </object_component>
      <object_component id="oc-292">
         <name>.debug_info</name>
         <load_address>0x1d442</load_address>
         <run_address>0x1d442</run_address>
         <size>0xcd</size>
         <input_file_ref idref="fl-ce"/>
      </object_component>
      <object_component id="oc-ba">
         <name>.debug_info</name>
         <load_address>0x1d50f</load_address>
         <run_address>0x1d50f</run_address>
         <size>0x152</size>
         <input_file_ref idref="fl-cf"/>
      </object_component>
      <object_component id="oc-17f">
         <name>.debug_info</name>
         <load_address>0x1d661</load_address>
         <run_address>0x1d661</run_address>
         <size>0x121</size>
         <input_file_ref idref="fl-d1"/>
      </object_component>
      <object_component id="oc-2d5">
         <name>.debug_info</name>
         <load_address>0x1d782</load_address>
         <run_address>0x1d782</run_address>
         <size>0xa4</size>
      </object_component>
      <object_component id="oc-1ef">
         <name>.debug_line</name>
         <load_address>0x0</load_address>
         <run_address>0x0</run_address>
         <size>0x5d</size>
         <input_file_ref idref="fl-2"/>
      </object_component>
      <object_component id="oc-109">
         <name>.debug_line</name>
         <load_address>0x5d</load_address>
         <run_address>0x5d</run_address>
         <size>0x2d</size>
         <input_file_ref idref="fl-2"/>
      </object_component>
      <object_component id="oc-1c4">
         <name>.debug_line</name>
         <load_address>0x8a</load_address>
         <run_address>0x8a</run_address>
         <size>0x6b</size>
         <input_file_ref idref="fl-2"/>
      </object_component>
      <object_component id="oc-9c">
         <name>.debug_line</name>
         <load_address>0xf5</load_address>
         <run_address>0xf5</run_address>
         <size>0x6f</size>
         <input_file_ref idref="fl-2"/>
      </object_component>
      <object_component id="oc-1ce">
         <name>.debug_line</name>
         <load_address>0x164</load_address>
         <run_address>0x164</run_address>
         <size>0x31</size>
         <input_file_ref idref="fl-2"/>
      </object_component>
      <object_component id="oc-1f3">
         <name>.debug_line</name>
         <load_address>0x195</load_address>
         <run_address>0x195</run_address>
         <size>0x35</size>
         <input_file_ref idref="fl-2"/>
      </object_component>
      <object_component id="oc-1f8">
         <name>.debug_line</name>
         <load_address>0x1ca</load_address>
         <run_address>0x1ca</run_address>
         <size>0x35</size>
         <input_file_ref idref="fl-2"/>
      </object_component>
      <object_component id="oc-41">
         <name>.debug_line</name>
         <load_address>0x1ff</load_address>
         <run_address>0x1ff</run_address>
         <size>0x20</size>
         <input_file_ref idref="fl-2"/>
      </object_component>
      <object_component id="oc-8b">
         <name>.debug_line</name>
         <load_address>0x21f</load_address>
         <run_address>0x21f</run_address>
         <size>0x31</size>
         <input_file_ref idref="fl-2"/>
      </object_component>
      <object_component id="oc-1bf">
         <name>.debug_line</name>
         <load_address>0x250</load_address>
         <run_address>0x250</run_address>
         <size>0x2f</size>
         <input_file_ref idref="fl-2"/>
      </object_component>
      <object_component id="oc-119">
         <name>.debug_line</name>
         <load_address>0x27f</load_address>
         <run_address>0x27f</run_address>
         <size>0x73</size>
         <input_file_ref idref="fl-2"/>
      </object_component>
      <object_component id="oc-17a">
         <name>.debug_line</name>
         <load_address>0x2f2</load_address>
         <run_address>0x2f2</run_address>
         <size>0x6f</size>
         <input_file_ref idref="fl-2"/>
      </object_component>
      <object_component id="oc-95">
         <name>.debug_line</name>
         <load_address>0x361</load_address>
         <run_address>0x361</run_address>
         <size>0x70</size>
         <input_file_ref idref="fl-2"/>
      </object_component>
      <object_component id="oc-90">
         <name>.debug_line</name>
         <load_address>0x3d1</load_address>
         <run_address>0x3d1</run_address>
         <size>0x32</size>
         <input_file_ref idref="fl-2"/>
      </object_component>
      <object_component id="oc-10e">
         <name>.debug_line</name>
         <load_address>0x403</load_address>
         <run_address>0x403</run_address>
         <size>0x2d</size>
         <input_file_ref idref="fl-2"/>
      </object_component>
      <object_component id="oc-265">
         <name>.debug_line</name>
         <load_address>0x430</load_address>
         <run_address>0x430</run_address>
         <size>0x2d</size>
         <input_file_ref idref="fl-3"/>
      </object_component>
      <object_component id="oc-263">
         <name>.debug_line</name>
         <load_address>0x45d</load_address>
         <run_address>0x45d</run_address>
         <size>0x2f</size>
         <input_file_ref idref="fl-3"/>
      </object_component>
      <object_component id="oc-25a">
         <name>.debug_line</name>
         <load_address>0x48c</load_address>
         <run_address>0x48c</run_address>
         <size>0x2f</size>
         <input_file_ref idref="fl-3"/>
      </object_component>
      <object_component id="oc-261">
         <name>.debug_line</name>
         <load_address>0x4bb</load_address>
         <run_address>0x4bb</run_address>
         <size>0x2f</size>
         <input_file_ref idref="fl-3"/>
      </object_component>
      <object_component id="oc-258">
         <name>.debug_line</name>
         <load_address>0x4ea</load_address>
         <run_address>0x4ea</run_address>
         <size>0x2f</size>
         <input_file_ref idref="fl-3"/>
      </object_component>
      <object_component id="oc-e0">
         <name>.debug_line</name>
         <load_address>0x519</load_address>
         <run_address>0x519</run_address>
         <size>0x102</size>
         <input_file_ref idref="fl-3"/>
      </object_component>
      <object_component id="oc-25e">
         <name>.debug_line</name>
         <load_address>0x61b</load_address>
         <run_address>0x61b</run_address>
         <size>0x2f</size>
         <input_file_ref idref="fl-3"/>
      </object_component>
      <object_component id="oc-267">
         <name>.debug_line</name>
         <load_address>0x64a</load_address>
         <run_address>0x64a</run_address>
         <size>0x20</size>
         <input_file_ref idref="fl-4"/>
      </object_component>
      <object_component id="oc-e2">
         <name>.debug_line</name>
         <load_address>0x66a</load_address>
         <run_address>0x66a</run_address>
         <size>0xe4</size>
         <input_file_ref idref="fl-4"/>
      </object_component>
      <object_component id="oc-22b">
         <name>.debug_line</name>
         <load_address>0x74e</load_address>
         <run_address>0x74e</run_address>
         <size>0xdb</size>
         <input_file_ref idref="fl-6"/>
      </object_component>
      <object_component id="oc-1fb">
         <name>.debug_line</name>
         <load_address>0x829</load_address>
         <run_address>0x829</run_address>
         <size>0x4f</size>
         <input_file_ref idref="fl-6"/>
      </object_component>
      <object_component id="oc-1fd">
         <name>.debug_line</name>
         <load_address>0x878</load_address>
         <run_address>0x878</run_address>
         <size>0x4f</size>
         <input_file_ref idref="fl-6"/>
      </object_component>
      <object_component id="oc-213">
         <name>.debug_line</name>
         <load_address>0x8c7</load_address>
         <run_address>0x8c7</run_address>
         <size>0x4f</size>
         <input_file_ref idref="fl-6"/>
      </object_component>
      <object_component id="oc-215">
         <name>.debug_line</name>
         <load_address>0x916</load_address>
         <run_address>0x916</run_address>
         <size>0x4f</size>
         <input_file_ref idref="fl-6"/>
      </object_component>
      <object_component id="oc-217">
         <name>.debug_line</name>
         <load_address>0x965</load_address>
         <run_address>0x965</run_address>
         <size>0x4f</size>
         <input_file_ref idref="fl-6"/>
      </object_component>
      <object_component id="oc-21c">
         <name>.debug_line</name>
         <load_address>0x9b4</load_address>
         <run_address>0x9b4</run_address>
         <size>0x51</size>
         <input_file_ref idref="fl-6"/>
      </object_component>
      <object_component id="oc-220">
         <name>.debug_line</name>
         <load_address>0xa05</load_address>
         <run_address>0xa05</run_address>
         <size>0x51</size>
         <input_file_ref idref="fl-6"/>
      </object_component>
      <object_component id="oc-219">
         <name>.debug_line</name>
         <load_address>0xa56</load_address>
         <run_address>0xa56</run_address>
         <size>0x51</size>
         <input_file_ref idref="fl-6"/>
      </object_component>
      <object_component id="oc-21e">
         <name>.debug_line</name>
         <load_address>0xaa7</load_address>
         <run_address>0xaa7</run_address>
         <size>0x51</size>
         <input_file_ref idref="fl-6"/>
      </object_component>
      <object_component id="oc-236">
         <name>.debug_line</name>
         <load_address>0xaf8</load_address>
         <run_address>0xaf8</run_address>
         <size>0x2d</size>
         <input_file_ref idref="fl-6"/>
      </object_component>
      <object_component id="oc-c4">
         <name>.debug_line</name>
         <load_address>0xb25</load_address>
         <run_address>0xb25</run_address>
         <size>0x1993</size>
         <input_file_ref idref="fl-6"/>
      </object_component>
      <object_component id="oc-22e">
         <name>.debug_line</name>
         <load_address>0x24b8</load_address>
         <run_address>0x24b8</run_address>
         <size>0x51</size>
         <input_file_ref idref="fl-6"/>
      </object_component>
      <object_component id="oc-113">
         <name>.debug_line</name>
         <load_address>0x2509</load_address>
         <run_address>0x2509</run_address>
         <size>0x31</size>
         <input_file_ref idref="fl-6"/>
      </object_component>
      <object_component id="oc-233">
         <name>.debug_line</name>
         <load_address>0x253a</load_address>
         <run_address>0x253a</run_address>
         <size>0x2e</size>
         <input_file_ref idref="fl-6"/>
      </object_component>
      <object_component id="oc-175">
         <name>.debug_line</name>
         <load_address>0x2568</load_address>
         <run_address>0x2568</run_address>
         <size>0x20</size>
         <input_file_ref idref="fl-6"/>
      </object_component>
      <object_component id="oc-104">
         <name>.debug_line</name>
         <load_address>0x2588</load_address>
         <run_address>0x2588</run_address>
         <size>0x6b</size>
         <input_file_ref idref="fl-6"/>
      </object_component>
      <object_component id="oc-100">
         <name>.debug_line</name>
         <load_address>0x25f3</load_address>
         <run_address>0x25f3</run_address>
         <size>0x3a</size>
         <input_file_ref idref="fl-7"/>
      </object_component>
      <object_component id="oc-da">
         <name>.debug_line</name>
         <load_address>0x262d</load_address>
         <run_address>0x262d</run_address>
         <size>0x2d</size>
         <input_file_ref idref="fl-7"/>
      </object_component>
      <object_component id="oc-fe">
         <name>.debug_line</name>
         <load_address>0x265a</load_address>
         <run_address>0x265a</run_address>
         <size>0x2d</size>
         <input_file_ref idref="fl-7"/>
      </object_component>
      <object_component id="oc-33">
         <name>.debug_line</name>
         <load_address>0x2687</load_address>
         <run_address>0x2687</run_address>
         <size>0x160</size>
         <input_file_ref idref="fl-7"/>
      </object_component>
      <object_component id="oc-2e">
         <name>.debug_line</name>
         <load_address>0x27e7</load_address>
         <run_address>0x27e7</run_address>
         <size>0xc2</size>
         <input_file_ref idref="fl-8"/>
      </object_component>
      <object_component id="oc-272">
         <name>.debug_line</name>
         <load_address>0x28a9</load_address>
         <run_address>0x28a9</run_address>
         <size>0x6b</size>
         <input_file_ref idref="fl-9"/>
      </object_component>
      <object_component id="oc-16a">
         <name>.debug_line</name>
         <load_address>0x2914</load_address>
         <run_address>0x2914</run_address>
         <size>0x8c6</size>
         <input_file_ref idref="fl-9"/>
      </object_component>
      <object_component id="oc-276">
         <name>.debug_line</name>
         <load_address>0x31da</load_address>
         <run_address>0x31da</run_address>
         <size>0x2e</size>
         <input_file_ref idref="fl-9"/>
      </object_component>
      <object_component id="oc-228">
         <name>.debug_line</name>
         <load_address>0x3208</load_address>
         <run_address>0x3208</run_address>
         <size>0x2e</size>
         <input_file_ref idref="fl-9"/>
      </object_component>
      <object_component id="oc-1bb">
         <name>.debug_line</name>
         <load_address>0x3236</load_address>
         <run_address>0x3236</run_address>
         <size>0x9b</size>
         <input_file_ref idref="fl-a"/>
      </object_component>
      <object_component id="oc-d2">
         <name>.debug_line</name>
         <load_address>0x32d1</load_address>
         <run_address>0x32d1</run_address>
         <size>0x2e</size>
         <input_file_ref idref="fl-a"/>
      </object_component>
      <object_component id="oc-1e1">
         <name>.debug_line</name>
         <load_address>0x32ff</load_address>
         <run_address>0x32ff</run_address>
         <size>0x2e</size>
         <input_file_ref idref="fl-a"/>
      </object_component>
      <object_component id="oc-1eb">
         <name>.debug_line</name>
         <load_address>0x332d</load_address>
         <run_address>0x332d</run_address>
         <size>0x2e</size>
         <input_file_ref idref="fl-a"/>
      </object_component>
      <object_component id="oc-1ed">
         <name>.debug_line</name>
         <load_address>0x335b</load_address>
         <run_address>0x335b</run_address>
         <size>0x2e</size>
         <input_file_ref idref="fl-a"/>
      </object_component>
      <object_component id="oc-1e5">
         <name>.debug_line</name>
         <load_address>0x3389</load_address>
         <run_address>0x3389</run_address>
         <size>0x2e</size>
         <input_file_ref idref="fl-a"/>
      </object_component>
      <object_component id="oc-1e9">
         <name>.debug_line</name>
         <load_address>0x33b7</load_address>
         <run_address>0x33b7</run_address>
         <size>0x2e</size>
         <input_file_ref idref="fl-a"/>
      </object_component>
      <object_component id="oc-1e3">
         <name>.debug_line</name>
         <load_address>0x33e5</load_address>
         <run_address>0x33e5</run_address>
         <size>0x2e</size>
         <input_file_ref idref="fl-a"/>
      </object_component>
      <object_component id="oc-1e7">
         <name>.debug_line</name>
         <load_address>0x3413</load_address>
         <run_address>0x3413</run_address>
         <size>0x2e</size>
         <input_file_ref idref="fl-a"/>
      </object_component>
      <object_component id="oc-7e">
         <name>.debug_line</name>
         <load_address>0x3441</load_address>
         <run_address>0x3441</run_address>
         <size>0xf29</size>
         <input_file_ref idref="fl-a"/>
      </object_component>
      <object_component id="oc-d7">
         <name>.debug_line</name>
         <load_address>0x436a</load_address>
         <run_address>0x436a</run_address>
         <size>0x2d</size>
         <input_file_ref idref="fl-a"/>
      </object_component>
      <object_component id="oc-1c9">
         <name>.debug_line</name>
         <load_address>0x4397</load_address>
         <run_address>0x4397</run_address>
         <size>0x2e</size>
         <input_file_ref idref="fl-a"/>
      </object_component>
      <object_component id="oc-98">
         <name>.debug_line</name>
         <load_address>0x43c5</load_address>
         <run_address>0x43c5</run_address>
         <size>0x41</size>
         <input_file_ref idref="fl-b"/>
      </object_component>
      <object_component id="oc-36">
         <name>.debug_line</name>
         <load_address>0x4406</load_address>
         <run_address>0x4406</run_address>
         <size>0x41</size>
         <input_file_ref idref="fl-b"/>
      </object_component>
      <object_component id="oc-25">
         <name>.debug_line</name>
         <load_address>0x4447</load_address>
         <run_address>0x4447</run_address>
         <size>0xa1</size>
         <input_file_ref idref="fl-b"/>
      </object_component>
      <object_component id="oc-156">
         <name>.debug_line</name>
         <load_address>0x44e8</load_address>
         <run_address>0x44e8</run_address>
         <size>0x8e</size>
         <input_file_ref idref="fl-11"/>
      </object_component>
      <object_component id="oc-26b">
         <name>.debug_line</name>
         <load_address>0x4576</load_address>
         <run_address>0x4576</run_address>
         <size>0x7c</size>
         <input_file_ref idref="fl-12"/>
      </object_component>
      <object_component id="oc-26d">
         <name>.debug_line</name>
         <load_address>0x45f2</load_address>
         <run_address>0x45f2</run_address>
         <size>0x82</size>
         <input_file_ref idref="fl-12"/>
      </object_component>
      <object_component id="oc-26f">
         <name>.debug_line</name>
         <load_address>0x4674</load_address>
         <run_address>0x4674</run_address>
         <size>0x82</size>
         <input_file_ref idref="fl-12"/>
      </object_component>
      <object_component id="oc-269">
         <name>.debug_line</name>
         <load_address>0x46f6</load_address>
         <run_address>0x46f6</run_address>
         <size>0x82</size>
         <input_file_ref idref="fl-12"/>
      </object_component>
      <object_component id="oc-20d">
         <name>.debug_line</name>
         <load_address>0x4778</load_address>
         <run_address>0x4778</run_address>
         <size>0x97</size>
         <input_file_ref idref="fl-12"/>
      </object_component>
      <object_component id="oc-146">
         <name>.debug_line</name>
         <load_address>0x480f</load_address>
         <run_address>0x480f</run_address>
         <size>0x97</size>
         <input_file_ref idref="fl-12"/>
      </object_component>
      <object_component id="oc-134">
         <name>.debug_line</name>
         <load_address>0x48a6</load_address>
         <run_address>0x48a6</run_address>
         <size>0xaf</size>
         <input_file_ref idref="fl-12"/>
      </object_component>
      <object_component id="oc-139">
         <name>.debug_line</name>
         <load_address>0x4955</load_address>
         <run_address>0x4955</run_address>
         <size>0xc2</size>
         <input_file_ref idref="fl-12"/>
      </object_component>
      <object_component id="oc-13f">
         <name>.debug_line</name>
         <load_address>0x4a17</load_address>
         <run_address>0x4a17</run_address>
         <size>0xc2</size>
         <input_file_ref idref="fl-12"/>
      </object_component>
      <object_component id="oc-45">
         <name>.debug_line</name>
         <load_address>0x4ad9</load_address>
         <run_address>0x4ad9</run_address>
         <size>0x88</size>
         <input_file_ref idref="fl-c8"/>
      </object_component>
      <object_component id="oc-b4">
         <name>.debug_line</name>
         <load_address>0x4b61</load_address>
         <run_address>0x4b61</run_address>
         <size>0x79</size>
         <input_file_ref idref="fl-c9"/>
      </object_component>
      <object_component id="oc-128">
         <name>.debug_line</name>
         <load_address>0x4bda</load_address>
         <run_address>0x4bda</run_address>
         <size>0x90</size>
         <input_file_ref idref="fl-ca"/>
      </object_component>
      <object_component id="oc-57">
         <name>.debug_line</name>
         <load_address>0x4c6a</load_address>
         <run_address>0x4c6a</run_address>
         <size>0x4f</size>
         <input_file_ref idref="fl-ca"/>
      </object_component>
      <object_component id="oc-b0">
         <name>.debug_line</name>
         <load_address>0x4cb9</load_address>
         <run_address>0x4cb9</run_address>
         <size>0x34</size>
         <input_file_ref idref="fl-ca"/>
      </object_component>
      <object_component id="oc-125">
         <name>.debug_line</name>
         <load_address>0x4ced</load_address>
         <run_address>0x4ced</run_address>
         <size>0x90</size>
         <input_file_ref idref="fl-ca"/>
      </object_component>
      <object_component id="oc-ab">
         <name>.debug_line</name>
         <load_address>0x4d7d</load_address>
         <run_address>0x4d7d</run_address>
         <size>0x20</size>
         <input_file_ref idref="fl-cb"/>
      </object_component>
      <object_component id="oc-19">
         <name>.debug_line</name>
         <load_address>0x4d9d</load_address>
         <run_address>0x4d9d</run_address>
         <size>0x55</size>
         <input_file_ref idref="fl-cb"/>
      </object_component>
      <object_component id="oc-4c">
         <name>.debug_line</name>
         <load_address>0x4df2</load_address>
         <run_address>0x4df2</run_address>
         <size>0x3a</size>
         <input_file_ref idref="fl-cb"/>
      </object_component>
      <object_component id="oc-a8">
         <name>.debug_line</name>
         <load_address>0x4e2c</load_address>
         <run_address>0x4e2c</run_address>
         <size>0x90</size>
         <input_file_ref idref="fl-cb"/>
      </object_component>
      <object_component id="oc-121">
         <name>.debug_line</name>
         <load_address>0x4ebc</load_address>
         <run_address>0x4ebc</run_address>
         <size>0x20</size>
         <input_file_ref idref="fl-cc"/>
      </object_component>
      <object_component id="oc-17">
         <name>.debug_line</name>
         <load_address>0x4edc</load_address>
         <run_address>0x4edc</run_address>
         <size>0xa9</size>
         <input_file_ref idref="fl-cc"/>
      </object_component>
      <object_component id="oc-3c">
         <name>.debug_line</name>
         <load_address>0x4f85</load_address>
         <run_address>0x4f85</run_address>
         <size>0x3a</size>
         <input_file_ref idref="fl-cc"/>
      </object_component>
      <object_component id="oc-11e">
         <name>.debug_line</name>
         <load_address>0x4fbf</load_address>
         <run_address>0x4fbf</run_address>
         <size>0x98</size>
         <input_file_ref idref="fl-cc"/>
      </object_component>
      <object_component id="oc-a1">
         <name>.debug_line</name>
         <load_address>0x5057</load_address>
         <run_address>0x5057</run_address>
         <size>0x94</size>
         <input_file_ref idref="fl-cc"/>
      </object_component>
      <object_component id="oc-74">
         <name>.debug_line</name>
         <load_address>0x50eb</load_address>
         <run_address>0x50eb</run_address>
         <size>0x33</size>
         <input_file_ref idref="fl-cd"/>
      </object_component>
      <object_component id="oc-65">
         <name>.debug_line</name>
         <load_address>0x511e</load_address>
         <run_address>0x511e</run_address>
         <size>0x45</size>
         <input_file_ref idref="fl-cd"/>
      </object_component>
      <object_component id="oc-287">
         <name>.debug_line</name>
         <load_address>0x5163</load_address>
         <run_address>0x5163</run_address>
         <size>0xbd</size>
         <input_file_ref idref="fl-ce"/>
      </object_component>
      <object_component id="oc-18d">
         <name>.debug_line</name>
         <load_address>0x5220</load_address>
         <run_address>0x5220</run_address>
         <size>0x6f</size>
         <input_file_ref idref="fl-ce"/>
      </object_component>
      <object_component id="oc-28b">
         <name>.debug_line</name>
         <load_address>0x528f</load_address>
         <run_address>0x528f</run_address>
         <size>0x2e</size>
         <input_file_ref idref="fl-ce"/>
      </object_component>
      <object_component id="oc-29f">
         <name>.debug_line</name>
         <load_address>0x52bd</load_address>
         <run_address>0x52bd</run_address>
         <size>0x98</size>
         <input_file_ref idref="fl-ce"/>
      </object_component>
      <object_component id="oc-290">
         <name>.debug_line</name>
         <load_address>0x5355</load_address>
         <run_address>0x5355</run_address>
         <size>0x95</size>
         <input_file_ref idref="fl-ce"/>
      </object_component>
      <object_component id="oc-295">
         <name>.debug_line</name>
         <load_address>0x53ea</load_address>
         <run_address>0x53ea</run_address>
         <size>0x91</size>
         <input_file_ref idref="fl-ce"/>
      </object_component>
      <object_component id="oc-bd">
         <name>.debug_line</name>
         <load_address>0x547b</load_address>
         <run_address>0x547b</run_address>
         <size>0x40</size>
         <input_file_ref idref="fl-cf"/>
      </object_component>
      <object_component id="oc-181">
         <name>.debug_line</name>
         <load_address>0x54bb</load_address>
         <run_address>0x54bb</run_address>
         <size>0x3c</size>
         <input_file_ref idref="fl-d1"/>
      </object_component>
      <object_component id="oc-1ee">
         <name>.debug_abbrev</name>
         <load_address>0x0</load_address>
         <run_address>0x0</run_address>
         <size>0x111</size>
         <input_file_ref idref="fl-2"/>
      </object_component>
      <object_component id="oc-108">
         <name>.debug_abbrev</name>
         <load_address>0x111</load_address>
         <run_address>0x111</run_address>
         <size>0x9f</size>
         <input_file_ref idref="fl-2"/>
      </object_component>
      <object_component id="oc-1c3">
         <name>.debug_abbrev</name>
         <load_address>0x1b0</load_address>
         <run_address>0x1b0</run_address>
         <size>0x5a</size>
         <input_file_ref idref="fl-2"/>
      </object_component>
      <object_component id="oc-9b">
         <name>.debug_abbrev</name>
         <load_address>0x20a</load_address>
         <run_address>0x20a</run_address>
         <size>0x69</size>
         <input_file_ref idref="fl-2"/>
      </object_component>
      <object_component id="oc-1cd">
         <name>.debug_abbrev</name>
         <load_address>0x273</load_address>
         <run_address>0x273</run_address>
         <size>0x70</size>
         <input_file_ref idref="fl-2"/>
      </object_component>
      <object_component id="oc-1f2">
         <name>.debug_abbrev</name>
         <load_address>0x2e3</load_address>
         <run_address>0x2e3</run_address>
         <size>0x4b</size>
         <input_file_ref idref="fl-2"/>
      </object_component>
      <object_component id="oc-1f7">
         <name>.debug_abbrev</name>
         <load_address>0x32e</load_address>
         <run_address>0x32e</run_address>
         <size>0x24</size>
         <input_file_ref idref="fl-2"/>
      </object_component>
      <object_component id="oc-40">
         <name>.debug_abbrev</name>
         <load_address>0x352</load_address>
         <run_address>0x352</run_address>
         <size>0x1f</size>
         <input_file_ref idref="fl-2"/>
      </object_component>
      <object_component id="oc-8a">
         <name>.debug_abbrev</name>
         <load_address>0x371</load_address>
         <run_address>0x371</run_address>
         <size>0x24</size>
         <input_file_ref idref="fl-2"/>
      </object_component>
      <object_component id="oc-1be">
         <name>.debug_abbrev</name>
         <load_address>0x395</load_address>
         <run_address>0x395</run_address>
         <size>0x33</size>
         <input_file_ref idref="fl-2"/>
      </object_component>
      <object_component id="oc-118">
         <name>.debug_abbrev</name>
         <load_address>0x3c8</load_address>
         <run_address>0x3c8</run_address>
         <size>0x5c</size>
         <input_file_ref idref="fl-2"/>
      </object_component>
      <object_component id="oc-179">
         <name>.debug_abbrev</name>
         <load_address>0x424</load_address>
         <run_address>0x424</run_address>
         <size>0x24</size>
         <input_file_ref idref="fl-2"/>
      </object_component>
      <object_component id="oc-94">
         <name>.debug_abbrev</name>
         <load_address>0x448</load_address>
         <run_address>0x448</run_address>
         <size>0x24</size>
         <input_file_ref idref="fl-2"/>
      </object_component>
      <object_component id="oc-8f">
         <name>.debug_abbrev</name>
         <load_address>0x46c</load_address>
         <run_address>0x46c</run_address>
         <size>0x24</size>
         <input_file_ref idref="fl-2"/>
      </object_component>
      <object_component id="oc-10d">
         <name>.debug_abbrev</name>
         <load_address>0x490</load_address>
         <run_address>0x490</run_address>
         <size>0x61</size>
         <input_file_ref idref="fl-2"/>
      </object_component>
      <object_component id="oc-264">
         <name>.debug_abbrev</name>
         <load_address>0x4f1</load_address>
         <run_address>0x4f1</run_address>
         <size>0xc6</size>
         <input_file_ref idref="fl-3"/>
      </object_component>
      <object_component id="oc-262">
         <name>.debug_abbrev</name>
         <load_address>0x5b7</load_address>
         <run_address>0x5b7</run_address>
         <size>0x27</size>
         <input_file_ref idref="fl-3"/>
      </object_component>
      <object_component id="oc-259">
         <name>.debug_abbrev</name>
         <load_address>0x5de</load_address>
         <run_address>0x5de</run_address>
         <size>0x27</size>
         <input_file_ref idref="fl-3"/>
      </object_component>
      <object_component id="oc-260">
         <name>.debug_abbrev</name>
         <load_address>0x605</load_address>
         <run_address>0x605</run_address>
         <size>0x27</size>
         <input_file_ref idref="fl-3"/>
      </object_component>
      <object_component id="oc-257">
         <name>.debug_abbrev</name>
         <load_address>0x62c</load_address>
         <run_address>0x62c</run_address>
         <size>0x27</size>
         <input_file_ref idref="fl-3"/>
      </object_component>
      <object_component id="oc-1dc">
         <name>.debug_abbrev</name>
         <load_address>0x653</load_address>
         <run_address>0x653</run_address>
         <size>0xdf</size>
         <input_file_ref idref="fl-3"/>
      </object_component>
      <object_component id="oc-25d">
         <name>.debug_abbrev</name>
         <load_address>0x732</load_address>
         <run_address>0x732</run_address>
         <size>0x4b</size>
         <input_file_ref idref="fl-3"/>
      </object_component>
      <object_component id="oc-266">
         <name>.debug_abbrev</name>
         <load_address>0x77d</load_address>
         <run_address>0x77d</run_address>
         <size>0x88</size>
         <input_file_ref idref="fl-4"/>
      </object_component>
      <object_component id="oc-1de">
         <name>.debug_abbrev</name>
         <load_address>0x805</load_address>
         <run_address>0x805</run_address>
         <size>0x9b</size>
         <input_file_ref idref="fl-4"/>
      </object_component>
      <object_component id="oc-22a">
         <name>.debug_abbrev</name>
         <load_address>0x8a0</load_address>
         <run_address>0x8a0</run_address>
         <size>0x134</size>
         <input_file_ref idref="fl-6"/>
      </object_component>
      <object_component id="oc-1fa">
         <name>.debug_abbrev</name>
         <load_address>0x9d4</load_address>
         <run_address>0x9d4</run_address>
         <size>0x27</size>
         <input_file_ref idref="fl-6"/>
      </object_component>
      <object_component id="oc-1fc">
         <name>.debug_abbrev</name>
         <load_address>0x9fb</load_address>
         <run_address>0x9fb</run_address>
         <size>0x27</size>
         <input_file_ref idref="fl-6"/>
      </object_component>
      <object_component id="oc-212">
         <name>.debug_abbrev</name>
         <load_address>0xa22</load_address>
         <run_address>0xa22</run_address>
         <size>0x27</size>
         <input_file_ref idref="fl-6"/>
      </object_component>
      <object_component id="oc-214">
         <name>.debug_abbrev</name>
         <load_address>0xa49</load_address>
         <run_address>0xa49</run_address>
         <size>0x27</size>
         <input_file_ref idref="fl-6"/>
      </object_component>
      <object_component id="oc-216">
         <name>.debug_abbrev</name>
         <load_address>0xa70</load_address>
         <run_address>0xa70</run_address>
         <size>0x27</size>
         <input_file_ref idref="fl-6"/>
      </object_component>
      <object_component id="oc-21b">
         <name>.debug_abbrev</name>
         <load_address>0xa97</load_address>
         <run_address>0xa97</run_address>
         <size>0x27</size>
         <input_file_ref idref="fl-6"/>
      </object_component>
      <object_component id="oc-21f">
         <name>.debug_abbrev</name>
         <load_address>0xabe</load_address>
[...]
         <name>vPortSetupTimerInterrupt</name>
         <value>0x5125</value>
         <object_component_ref idref="oc-2f"/>
      </symbol>
      <symbol id="sm-440">
         <name>vPortEndScheduler</name>
         <value>0x50c7</value>
         <object_component_ref idref="oc-2f"/>
      </symbol>
      <symbol id="sm-441">
         <name>xPortSysTickHandler</name>
         <value>0x50ff</value>
         <object_component_ref idref="oc-2f"/>
      </symbol>
      <symbol id="sm-442">
         <name>vPortValidateInterruptPriority</name>
         <value>0x5141</value>
         <object_component_ref idref="oc-2f"/>
      </symbol>
      <symbol id="sm-443">
         <name>pxPortInitialiseStack</name>
         <value>0x4fc9</value>
         <object_component_ref idref="oc-2f"/>
      </symbol>
      <symbol id="sm-444">
         <name>vPortExitCritical</name>
         <value>0x50e9</value>
         <object_component_ref idref="oc-2f"/>
      </symbol>
      <symbol id="sm-445">
         <name>xPortStartScheduler</name>
         <value>0x5033</value>
         <object_component_ref idref="oc-2f"/>
      </symbol>
      <symbol id="sm-446">
         <name>vPortEnterCritical</name>
         <value>0x50c9</value>
         <object_component_ref idref="oc-2f"/>
      </symbol>
      <symbol id="sm-455">
         <name>vPortStartFirstTask</name>
         <value>0x5521</value>
         <object_component_ref idref="oc-2a"/>
      </symbol>
      <symbol id="sm-456">
         <name>ulPortGetIPSR</name>
         <value>0x5489</value>
         <object_component_ref idref="oc-2a"/>
      </symbol>
      <symbol id="sm-457">
         <name>vPortEnableVFP</name>
         <value>0x5545</value>
         <object_component_ref idref="oc-2a"/>
      </symbol>
      <symbol id="sm-458">
         <name>xPortPendSVHandler</name>
         <value>0x54a1</value>
         <object_component_ref idref="oc-2a"/>
      </symbol>
      <symbol id="sm-459">
         <name>vPortSVCHandler</name>
         <value>0x5501</value>
         <object_component_ref idref="oc-2a"/>
      </symbol>
      <symbol id="sm-520">
         <name>xQueueRegistry</name>
         <value>0x200050f0</value>
      </symbol>
      <symbol id="sm-521">
         <name>xQueuePeekFromISR</name>
         <value>0x4bbb</value>
         <object_component_ref idref="oc-165"/>
      </symbol>
      <symbol id="sm-522">
         <name>xQueueIsQueueEmptyFromISR</name>
         <value>0x4e8f</value>
         <object_component_ref idref="oc-165"/>
      </symbol>
      <symbol id="sm-523">
         <name>xQueueGenericSendFromISR</name>
         <value>0x462b</value>
         <object_component_ref idref="oc-165"/>
      </symbol>
      <symbol id="sm-524">
         <name>uxQueueMessagesWaiting</name>
         <value>0x4c11</value>
         <object_component_ref idref="oc-165"/>
      </symbol>
      <symbol id="sm-525">
         <name>vQueueAddToRegistry</name>
         <value>0x4efb</value>
         <object_component_ref idref="oc-165"/>
      </symbol>
      <symbol id="sm-526">
         <name>xQueueIsQueueFullFromISR</name>
         <value>0x4ed5</value>
         <object_component_ref idref="oc-165"/>
      </symbol>
      <symbol id="sm-527">
         <name>xQueueGenericCreate</name>
         <value>0x4371</value>
         <object_component_ref idref="oc-165"/>
      </symbol>
      <symbol id="sm-528">
         <name>xQueueCreateMutex</name>
         <value>0x4425</value>
         <object_component_ref idref="oc-165"/>
      </symbol>
      <symbol id="sm-529">
         <name>vQueueSetQueueNumber</name>
         <value>0x4c81</value>
         <object_component_ref idref="oc-165"/>
      </symbol>
      <symbol id="sm-52a">
         <name>xQueueGenericSend</name>
         <value>0x44f5</value>
         <object_component_ref idref="oc-165"/>
      </symbol>
      <symbol id="sm-52b">
         <name>xQueueGenericReset</name>
         <value>0x42d1</value>
         <object_component_ref idref="oc-165"/>
      </symbol>
      <symbol id="sm-52c">
         <name>xQueueReceiveFromISR</name>
         <value>0x4b1d</value>
         <object_component_ref idref="oc-165"/>
      </symbol>
      <symbol id="sm-52d">
         <name>uxQueueSpacesAvailable</name>
         <value>0x4c27</value>
         <object_component_ref idref="oc-165"/>
      </symbol>
      <symbol id="sm-52e">
         <name>xQueueGiveMutexRecursive</name>
         <value>0x4451</value>
         <object_component_ref idref="oc-165"/>
      </symbol>
      <symbol id="sm-52f">
         <name>xQueueSemaphoreTake</name>
         <value>0x4891</value>
         <object_component_ref idref="oc-165"/>
      </symbol>
      <symbol id="sm-530">
         <name>vQueueUnregisterQueue</name>
         <value>0x4f7d</value>
         <object_component_ref idref="oc-165"/>
      </symbol>
      <symbol id="sm-531">
         <name>xQueueGiveFromISR</name>
         <value>0x46d1</value>
         <object_component_ref idref="oc-165"/>
      </symbol>
      <symbol id="sm-532">
         <name>uxQueueMessagesWaitingFromISR</name>
         <value>0x4c47</value>
         <object_component_ref idref="oc-165"/>
      </symbol>
      <symbol id="sm-533">
         <name>uxQueueGetQueueNumber</name>
         <value>0x4c73</value>
         <object_component_ref idref="oc-165"/>
      </symbol>
      <symbol id="sm-534">
         <name>xQueueTakeMutexRecursive</name>
         <value>0x448d</value>
         <object_component_ref idref="oc-165"/>
      </symbol>
      <symbol id="sm-535">
         <name>xQueueCreateCountingSemaphore</name>
         <value>0x44d5</value>
         <object_component_ref idref="oc-165"/>
      </symbol>
      <symbol id="sm-536">
         <name>vQueueDelete</name>
         <value>0x4c5d</value>
         <object_component_ref idref="oc-165"/>
      </symbol>
      <symbol id="sm-537">
         <name>xQueuePeek</name>
         <value>0x49f3</value>
         <object_component_ref idref="oc-165"/>
      </symbol>
      <symbol id="sm-538">
         <name>xQueueReceive</name>
         <value>0x4769</value>
         <object_component_ref idref="oc-165"/>
      </symbol>
      <symbol id="sm-539">
         <name>pcQueueGetName</name>
         <value>0x4f3d</value>
         <object_component_ref idref="oc-165"/>
      </symbol>
      <symbol id="sm-53a">
         <name>ucQueueGetQueueType</name>
         <value>0x4c93</value>
         <object_component_ref idref="oc-165"/>
      </symbol>
      <symbol id="sm-760">
         <name>vTaskDelay</name>
         <value>0x29ab</value>
         <object_component_ref idref="oc-7c"/>
      </symbol>
      <symbol id="sm-761">
         <name>vTaskSuspendAll</name>
         <value>0x2ee1</value>
         <object_component_ref idref="oc-7c"/>
      </symbol>
      <symbol id="sm-762">
         <name>vTaskPlaceOnEventList</name>
         <value>0x34f5</value>
         <object_component_ref idref="oc-7c"/>
      </symbol>
      <symbol id="sm-763">
         <name>vTaskSetTaskNumber</name>
         <value>0x375f</value>
         <object_component_ref idref="oc-7c"/>
      </symbol>
      <symbol id="sm-764">
         <name>uxTaskPriorityGetFromISR</name>
         <value>0x2ae5</value>
         <object_component_ref idref="oc-7c"/>
      </symbol>
      <symbol id="sm-765">
         <name>pcTaskGetName</name>
         <value>0x303b</value>
         <object_component_ref idref="oc-7c"/>
      </symbol>
      <symbol id="sm-766">
         <name>xTaskCheckForTimeOut</name>
         <value>0x368b</value>
         <object_component_ref idref="oc-7c"/>
      </symbol>
      <symbol id="sm-767">
         <name>vTaskGenericNotifyGiveFromISR</name>
         <value>0x40b3</value>
         <object_component_ref idref="oc-7c"/>
      </symbol>
      <symbol id="sm-768">
         <name>vTaskRemoveFromUnorderedEventList</name>
         <value>0x35e1</value>
         <object_component_ref idref="oc-7c"/>
      </symbol>
      <symbol id="sm-769">
         <name>vTaskPrioritySet</name>
         <value>0x2b31</value>
         <object_component_ref idref="oc-7c"/>
      </symbol>
      <symbol id="sm-76a">
         <name>xTaskPriorityDisinherit</name>
         <value>0x3b5f</value>
         <object_component_ref idref="oc-7c"/>
      </symbol>
      <symbol id="sm-76b">
         <name>xTaskAbortDelay</name>
         <value>0x32cd</value>
         <object_component_ref idref="oc-7c"/>
      </symbol>
      <symbol id="sm-76c">
         <name>vTaskStartScheduler</name>
         <value>0x2e75</value>
         <object_component_ref idref="oc-7c"/>
      </symbol>
      <symbol id="sm-76d">
         <name>vTaskInternalSetTimeOutState</name>
         <value>0x3671</value>
         <object_component_ref idref="oc-7c"/>
      </symbol>
      <symbol id="sm-76e">
         <name>pvTaskIncrementMutexHeldCount</name>
         <value>0x3cc3</value>
         <object_component_ref idref="oc-7c"/>
      </symbol>
      <symbol id="sm-76f">
         <name>uxTaskGetStackHighWaterMark</name>
         <value>0x39d5</value>
         <object_component_ref idref="oc-7c"/>
      </symbol>
      <symbol id="sm-770">
         <name>xTaskGenericNotifyStateClear</name>
         <value>0x4177</value>
         <object_component_ref idref="oc-7c"/>
      </symbol>
      <symbol id="sm-771">
         <name>xTaskGenericNotify</name>
         <value>0x3e61</value>
         <object_component_ref idref="oc-7c"/>
      </symbol>
      <symbol id="sm-772">
         <name>vTaskPriorityDisinheritAfterTimeout</name>
         <value>0x3be5</value>
         <object_component_ref idref="oc-7c"/>
      </symbol>
      <symbol id="sm-773">
         <name>xTaskCreate</name>
         <value>0x264d</value>
         <object_component_ref idref="oc-7c"/>
      </symbol>
      <symbol id="sm-774">
         <name>vTaskDelayUntil</name>
         <value>0x28fd</value>
         <object_component_ref idref="oc-7c"/>
      </symbol>
      <symbol id="sm-775">
         <name>uxTaskGetTaskNumber</name>
         <value>0x373f</value>
         <object_component_ref idref="oc-7c"/>
      </symbol>
      <symbol id="sm-776">
         <name>vTaskEndScheduler</name>
         <value>0x2ec5</value>
         <object_component_ref idref="oc-7c"/>
      </symbol>
      <symbol id="sm-777">
         <name>vTaskMissedYield</name>
         <value>0x3737</value>
         <object_component_ref idref="oc-7c"/>
      </symbol>
      <symbol id="sm-778">
         <name>uxTaskGetNumberOfTasks</name>
         <value>0x3035</value>
         <object_component_ref idref="oc-7c"/>
      </symbol>
      <symbol id="sm-779">
         <name>xTaskCatchUpTicks</name>
         <value>0x32a5</value>
         <object_component_ref idref="oc-7c"/>
      </symbol>
      <symbol id="sm-77a">
         <name>xTaskGenericNotifyFromISR</name>
         <value>0x3f7d</value>
         <object_component_ref idref="oc-7c"/>
      </symbol>
      <symbol id="sm-77b">
         <name>vTaskGetInfo</name>
         <value>0x3841</value>
         <object_component_ref idref="oc-7c"/>
      </symbol>
      <symbol id="sm-77c">
         <name>uxTaskPriorityGet</name>
         <value>0x2ab9</value>
         <object_component_ref idref="oc-7c"/>
      </symbol>
      <symbol id="sm-77d">
         <name>xTaskResumeAll</name>
         <value>0x2ef5</value>
         <object_component_ref idref="oc-7c"/>
      </symbol>
      <symbol id="sm-77e">
         <name>xTaskGetHandle</name>
         <value>0x3141</value>
         <object_component_ref idref="oc-7c"/>
      </symbol>
      <symbol id="sm-77f">
         <name>xTaskGetTickCount</name>
         <value>0x2fe9</value>
         <object_component_ref idref="oc-7c"/>
      </symbol>
      <symbol id="sm-780">
         <name>ulTaskGenericNotifyTake</name>
         <value>0x3ce9</value>
         <object_component_ref idref="oc-7c"/>
      </symbol>
      <symbol id="sm-781">
         <name>uxTaskGetSystemState</name>
         <value>0x31cd</value>
         <object_component_ref idref="oc-7c"/>
      </symbol>
      <symbol id="sm-782">
         <name>vTaskDelete</name>
         <value>0x286d</value>
         <object_component_ref idref="oc-7c"/>
      </symbol>
      <symbol id="sm-783">
         <name>ulTaskGenericNotifyValueClear</name>
         <value>0x41c9</value>
         <object_component_ref idref="oc-7c"/>
      </symbol>
      <symbol id="sm-784">
         <name>xTaskGenericNotifyWait</name>
         <value>0x3d99</value>
         <object_component_ref idref="oc-7c"/>
      </symbol>
      <symbol id="sm-785">
         <name>pxCurrentTCB</name>
         <value>0x200053c0</value>
         <object_component_ref idref="oc-76"/>
      </symbol>
      <symbol id="sm-786">
         <name>eTaskGetState</name>
         <value>0x29f1</value>
         <object_component_ref idref="oc-7c"/>
      </symbol>
      <symbol id="sm-787">
         <name>vTaskSuspend</name>
         <value>0x2c45</value>
         <object_component_ref idref="oc-7c"/>
      </symbol>
      <symbol id="sm-788">
         <name>xTaskGetIdleTaskHandle</name>
         <value>0x329f</value>
         <object_component_ref idref="oc-7c"/>
      </symbol>
      <symbol id="sm-789">
         <name>xTaskGetTickCountFromISR</name>
         <value>0x3001</value>
         <object_component_ref idref="oc-7c"/>
      </symbol>
      <symbol id="sm-78a">
         <name>vTaskResume</name>
         <value>0x2d59</value>
         <object_component_ref idref="oc-7c"/>
      </symbol>
      <symbol id="sm-78b">
         <name>vTaskSetTimeOutState</name>
         <value>0x3649</value>
         <object_component_ref idref="oc-7c"/>
      </symbol>
      <symbol id="sm-78c">
         <name>xTaskIncrementTick</name>
         <value>0x3361</value>
         <object_component_ref idref="oc-7c"/>
      </symbol>
      <symbol id="sm-78d">
         <name>vTaskSwitchContext</name>
         <value>0x346f</value>
         <object_component_ref idref="oc-7c"/>
      </symbol>
      <symbol id="sm-78e">
         <name>uxTaskResetEventItemValue</name>
         <value>0x3c9d</value>
         <object_component_ref idref="oc-7c"/>
      </symbol>
      <symbol id="sm-78f">
         <name>xTaskGetSchedulerState</name>
         <value>0x3a65</value>
         <object_component_ref idref="oc-7c"/>
      </symbol>
      <symbol id="sm-790">
         <name>xTaskResumeFromISR</name>
         <value>0x2dd7</value>
         <object_component_ref idref="oc-7c"/>
      </symbol>
      <symbol id="sm-791">
         <name>xTaskGetCurrentTaskHandle</name>
         <value>0x3a45</value>
         <object_component_ref idref="oc-7c"/>
      </symbol>
      <symbol id="sm-792">
         <name>vTaskPlaceOnUnorderedEventList</name>
         <value>0x3515</value>
         <object_component_ref idref="oc-7c"/>
      </symbol>
      <symbol id="sm-793">
         <name>xTaskRemoveFromEventList</name>
         <value>0x3551</value>
         <object_component_ref idref="oc-7c"/>
      </symbol>
      <symbol id="sm-794">
         <name>xTaskPriorityInherit</name>
         <value>0x3aa1</value>
         <object_component_ref idref="oc-7c"/>
      </symbol>
      <symbol id="sm-7b0">
         <name>ResetISR</name>
         <value>0x587b</value>
         <object_component_ref idref="oc-24"/>
      </symbol>
      <symbol id="sm-7b1">
         <name>g_pfnVectors</name>
         <value>0x0</value>
         <object_component_ref idref="oc-f"/>
      </symbol>
      <symbol id="sm-7bb">
         <name>CPUwfi</name>
         <value>0x588d</value>
         <object_component_ref idref="oc-155"/>
      </symbol>
      <symbol id="sm-81b">
         <name>IntEnable</name>
         <value>0x56d1</value>
         <object_component_ref idref="oc-137"/>
      </symbol>
      <symbol id="sm-81c">
         <name>IntDisable</name>
         <value>0x5669</value>
         <object_component_ref idref="oc-13d"/>
      </symbol>
      <symbol id="sm-81d">
         <name>IntRegister</name>
         <value>0x57e5</value>
         <object_component_ref idref="oc-131"/>
      </symbol>
      <symbol id="sm-81e">
         <name>IntUnregister</name>
         <value>0x584d</value>
         <object_component_ref idref="oc-143"/>
      </symbol>
      <symbol id="sm-81f">
         <name>g_pfnRAMVectors</name>
         <value>0x20000000</value>
         <object_component_ref idref="oc-1fe"/>
      </symbol>
      <symbol id="sm-83a">
         <name>memcpy</name>
         <value>0x5553</value>
         <object_component_ref idref="oc-43"/>
      </symbol>
      <symbol id="sm-83b">
         <name>__aeabi_memcpy</name>
         <value>0x5553</value>
         <object_component_ref idref="oc-43"/>
      </symbol>
      <symbol id="sm-83c">
         <name>__aeabi_memcpy8</name>
         <value>0x5553</value>
         <object_component_ref idref="oc-43"/>
      </symbol>
      <symbol id="sm-83d">
         <name>__aeabi_memcpy4</name>
         <value>0x5553</value>
         <object_component_ref idref="oc-43"/>
      </symbol>
      <symbol id="sm-84c">
         <name>__aeabi_memset</name>
         <value>0x55f1</value>
         <object_component_ref idref="oc-b3"/>
      </symbol>
      <symbol id="sm-84d">
         <name>memset</name>
         <value>0x55f7</value>
         <object_component_ref idref="oc-b3"/>
      </symbol>
      <symbol id="sm-84e">
         <name>__aeabi_memset8</name>
         <value>0x55f1</value>
         <object_component_ref idref="oc-b3"/>
      </symbol>
      <symbol id="sm-84f">
         <name>__aeabi_memset4</name>
         <value>0x55f1</value>
         <object_component_ref idref="oc-b3"/>
      </symbol>
      <symbol id="sm-850">
         <name>__aeabi_memclr8</name>
         <value>0x55ef</value>
         <object_component_ref idref="oc-b3"/>
      </symbol>
      <symbol id="sm-851">
         <name>__aeabi_memclr4</name>
         <value>0x55ef</value>
         <object_component_ref idref="oc-b3"/>
      </symbol>
      <symbol id="sm-852">
         <name>__aeabi_memclr</name>
         <value>0x55ef</value>
         <object_component_ref idref="oc-b3"/>
      </symbol>
      <symbol id="sm-869">
         <name>__TI_zero_init</name>
         <value>0x586f</value>
         <object_component_ref idref="oc-55"/>
      </symbol>
      <symbol id="sm-880">
         <name>__TI_decompress_none</name>
         <value>0x5861</value>
         <object_component_ref idref="oc-18"/>
      </symbol>
      <symbol id="sm-8a3">
         <name>__TI_decompress_lzss</name>
         <value>0x5739</value>
         <object_component_ref idref="oc-12"/>
      </symbol>
      <symbol id="sm-8b6">
         <name>__stack</name>
         <value>0x200051c0</value>
         <object_component_ref idref="oc-21"/>
      </symbol>
      <symbol id="sm-8b7">
         <name>_c_int00_noargs</name>
         <value>0x5819</value>
         <object_component_ref idref="oc-61"/>
      </symbol>
      <symbol id="sm-8df">
         <name>__TI_auto_init_nobinit_nopinit</name>
         <value>0x57a1</value>
         <object_component_ref idref="oc-188"/>
      </symbol>
      <symbol id="sm-8e9">
         <name>_system_pre_init</name>
         <value>0x5891</value>
         <object_component_ref idref="oc-b9"/>
      </symbol>
      <symbol id="sm-8f5">
         <name>C$$EXIT</name>
         <value>0x5895</value>
         <object_component_ref idref="oc-17c"/>
      </symbol>
      <symbol id="sm-8f6">
         <name>abort</name>
         <value>0x5895</value>
         <object_component_ref idref="oc-17c"/>
      </symbol>
      <symbol id="sm-8f9">
         <name>__TI_static_base__</name>
         <value>0x0</value>
      </symbol>
      <symbol id="sm-8fc">
         <name>__mpu_init</name>
         <value>0x0</value>
      </symbol>
      <symbol id="sm-8fd">
         <name>_system_post_cinit</name>
         <value>0x0</value>
      </symbol>
   </symbol_table>
   <title>Link successful</title>
</link_info>
