******************************************************************************
                  TI ARM Linker PC v18.12.4                    
******************************************************************************
>> Linked Thu Sep 17 05:55:59 2020

OUTPUT FILE NAME:   <FreeRTOS_UART.out>
ENTRY POINT SYMBOL: "_c_int00_noargs"  address: 000059cd


MEMORY CONFIGURATION

         name            origin    length      used     unused   attr    fill
----------------------  --------  ---------  --------  --------  ----  --------
  FLASH                 00000000   00040000  00005fec  0003a014  R  X
  SRAM                  20000000   00008000  00005408  00002bf8  RW X


SEGMENT ALLOCATION MAP

run origin  load origin   length   init length attrs members
----------  ----------- ---------- ----------- ----- -------
00000000    00000000    00005ff0   00005ff0    r-x
  00000000    00000000    0000026c   0000026c    r-- .intvecs
  0000026c    0000026c    000057e0   000057e0    r-x .text
  00005a4c    00005a4c    00000550   00000550    r-- .const
  00005fa0    00005fa0    00000050   00000050    r-- .cinit
20000000    20000000    00005408   00000000    rw-
  20000000    20000000    0000026c   00000000    rw- .vtable
  2000026c    2000026c    00004f54   00000000    rw- .bss
  200051c0    200051c0    00000200   00000000    rw- .stack
  200053c0    200053c0    00000048   00000000    rw- .data


SECTION ALLOCATION MAP

 output                                  attributes/
section   page    origin      length       input sections
--------  ----  ----------  ----------   ----------------
.intvecs   0    00000000    0000026c     
                  00000000    0000026c     tm4c123gh6pm_startup_ccs.obj (.intvecs)

.text      0    0000026c    000057e0     
                  0000026c    000023dc     main.obj (.text)
                  00002648    00001c84     tasks.obj (.text)
                  000042cc    00000eb0     queue.obj (.text)
                  0000517c    000001c4     port.obj (.text)
                  00005340    000001b8     heap_2.obj (.text)
                  000054f8    00000132     list.obj (.text)
                  0000562a    00000002     driverlib.lib : interrupt.obj (.text:_IntDefaultHandler)
                  0000562c    000000da     portasm.obj (.text)
                  00005706    0000009c     rtsv7M4_T_le_v4SPD16_eabi.lib : memcpy_t2.asm.obj (.text)
                  000057a2    0000007a                                   : memset_t2.asm.obj (.text)
                  0000581c    00000068     driverlib.lib : interrupt.obj (.text:IntDisable)
                  00005884    00000068                   : interrupt.obj (.text:IntEnable)
                  000058ec    00000068     rtsv7M4_T_le_v4SPD16_eabi.lib : copy_decompress_lzss.c.obj (.text:decompress:lzss:__TI_decompress_lzss)
                  00005954    00000044                                   : autoinit.c.obj (.text:__TI_auto_init_nobinit_nopinit:__TI_auto_init_nobinit_nopinit)
                  00005998    00000034     driverlib.lib : interrupt.obj (.text:IntRegister)
                  000059cc    00000034     rtsv7M4_T_le_v4SPD16_eabi.lib : boot_cortex_m.c.obj (.text:_c_int00_noargs:_c_int00_noargs)
                  00005a00    00000014     driverlib.lib : interrupt.obj (.text:IntUnregister)
                  00005a14    0000000e     rtsv7M4_T_le_v4SPD16_eabi.lib : copy_decompress_none.c.obj (.text:decompress:none:__TI_decompress_none)
                  00005a22    0000000c                                   : copy_zero_init.c.obj (.text:decompress:ZI:__TI_zero_init)
                  00005a2e    0000000c     tm4c123gh6pm_startup_ccs.obj (.text)
                  00005a3a    00000006     main.obj (.text:SysCtlDelay)
                  00005a40    00000004     driverlib.lib : cpu.obj (.text:CPUwfi)
                  00005a44    00000004     rtsv7M4_T_le_v4SPD16_eabi.lib : pre_init.c.obj (.text:_system_pre_init)
                  00005a48    00000004                                   : exit.c.obj (.text:abort:abort)

.const     0    00005a4c    00000550     
                  00005a4c    000001b0     main.obj (.const:g_pppui32XTALtoVCO)
                  00005bfc    000000d8     main.obj (.const:g_ppui32GPIOIntMapSnowflake)
                  00005cd4    000000c0     main.obj (.const:g_ppui32GPIOIntMapBlizzard)
                  00005d94    00000090     main.obj (.const:g_pui32GPIOBaseAddrs)
                  00005e24    0000006c     main.obj (.const:g_pui32Xtals)
                  00005e90    00000040     main.obj (.const:g_ppui32UARTIntMap)
                  00005ed0    00000040     main.obj (.const:g_ppui32UARTIntMapSnowflake)
                  00005f10    00000030     main.obj (.const:g_sXTALtoMEMTIM)
                  00005f40    00000022     main.obj (.const:.string:$P$T0$1)
                  00005f62    00000002     --HOLE-- [fill = 0]
                  00005f64    00000014     driverlib.lib : interrupt.obj (.const:g_pui32Dii16Regs)
                  00005f78    00000014                   : interrupt.obj (.const:g_pui32EnRegs)
                  00005f8c    00000008     main.obj (.const:g_pui32VCOFrequencies)
                  00005f94    00000008     port.obj (.const)

.cinit     0    00005fa0    00000050     
                  00005fa0    0000001b     (.cinit..data.load) [load image, compression = lzss]
                  00005fbb    00000001     --HOLE-- [fill = 0]
                  00005fbc    0000000c     (__TI_handler_table)
                  00005fc8    00000008     (.cinit..bss.load) [load image, compression = zero_init]
                  00005fd0    00000008     (.cinit..vtable.load) [load image, compression = zero_init]
                  00005fd8    00000018     (__TI_cinit_table)

.init_array 
*          0    00000000    00000000     UNINITIALIZED

.vtable    0    20000000    0000026c     UNINITIALIZED
                  20000000    0000026c     driverlib.lib : interrupt.obj (.vtable)

.bss       0    2000026c    00004f54     UNINITIALIZED
                  2000026c    00004e20     heap_2.obj (.bss:ucHeap)
                  2000508c    00000064     tasks.obj (.bss:pxReadyTasksLists)
                  200050f0    00000050     (.common:xQueueRegistry)
                  20005140    00000014     tasks.obj (.bss:xDelayedTaskList1)
                  20005154    00000014     tasks.obj (.bss:xDelayedTaskList2)
                  20005168    00000014     tasks.obj (.bss:xPendingReadyList)
                  2000517c    00000014     tasks.obj (.bss:xSuspendedTaskList)
                  20005190    00000014     tasks.obj (.bss:xTasksWaitingTermination)
                  200051a4    00000008     tasks.obj (.bss)
                  200051ac    00000008     heap_2.obj (.bss:xEnd)
                  200051b4    00000008     heap_2.obj (.bss:xStart)
                  200051bc    00000004     (.common:ColorHandle)

.data      0    200053c0    00000048     UNINITIALIZED
                  200053c0    00000034     tasks.obj (.data)
                  200053f4    0000000c     port.obj (.data)
                  20005400    00000008     heap_2.obj (.data)

.stack     0    200051c0    00000200     UNINITIALIZED
                  200051c0    00000004     rtsv7M4_T_le_v4SPD16_eabi.lib : boot_cortex_m.c.obj (.stack)
                  200051c4    000001fc     --HOLE--

MODULE SUMMARY

       Module                         code    ro data   rw data
       ------                         ----    -------   -------
    .\
       heap_2.obj                     440     0         20024  
       main.obj                       9186    1310      4      
       tasks.obj                      7300    0         260    
       queue.obj                      3760    0         80     
       tm4c123gh6pm_startup_ccs.obj   12      620       0      
       port.obj                       452     8         12     
       list.obj                       306     0         0      
       portasm.obj                    218     0         0      
    +--+------------------------------+-------+---------+---------+
       Total:                         21674   1938      20380  
                                                               
    C:\ti\ccs930\ccs\tools\compiler\ti-cgt-arm_18.12.4.LTS\lib\rtsv7M4_T_le_v4SPD16_eabi.lib
       memcpy_t2.asm.obj              156     0         0      
       memset_t2.asm.obj              122     0         0      
       copy_decompress_lzss.c.obj     104     0         0      
       autoinit.c.obj                 68      0         0      
       boot_cortex_m.c.obj            52      0         0      
       copy_decompress_none.c.obj     14      0         0      
       copy_zero_init.c.obj           12      0         0      
       exit.c.obj                     4       0         0      
       pre_init.c.obj                 4       0         0      
    +--+------------------------------+-------+---------+---------+
       Total:                         536     0         0      
                                                               
    E:/Embedded Systems/Tiva C/driverlib/ccs/Debug/driverlib.lib
       interrupt.obj                  282     40        620    
       cpu.obj                        4       0         0      
    +--+------------------------------+-------+---------+---------+
       Total:                         286     40        620    
                                                               
       Stack:                         0       0         512    
       Linker Generated:              0       79        0      
    +--+------------------------------+-------+---------+---------+
       Grand Total:                   22496   2057      21512  


LINKER GENERATED COPY TABLES

__TI_cinit_table @ 00005fd8 records: 3, size/record: 8, table size: 24
	.data: load addr=00005fa0, load size=0000001b bytes, run addr=200053c0, run size=00000048 bytes, compression=lzss
	.bss: load addr=00005fc8, load size=00000008 bytes, run addr=2000026c, run size=00004f54 bytes, compression=zero_init
	.vtable: load addr=00005fd0, load size=00000008 bytes, run addr=20000000, run size=0000026c bytes, compression=zero_init


LINKER GENERATED HANDLER TABLE

__TI_handler_table @ 00005fbc records: 3, size/record: 4, table size: 12
	index: 0, handler: __TI_zero_init
	index: 1, handler: __TI_decompress_lzss
	index: 2, handler: __TI_decompress_none


GLOBAL SYMBOLS: SORTED ALPHABETICALLY BY Name 

address   name                               
-------   ----                               
00005a49  C$$EXIT                            
00005a41  CPUwfi                             
200051bc  ColorHandle                        
00000e31  GPIOADCTriggerDisable              
00000e13  GPIOADCTriggerEnable               
00000df5  GPIODMATriggerDisable              
00000dd7  GPIODMATriggerEnable               
00000327  GPIODirModeGet                     
000002cb  GPIODirModeSet                     
000008e1  GPIOIntClear                       
000008a5  GPIOIntDisable                     
00000881  GPIOIntEnable                      
000008f5  GPIOIntRegister                    
0000092d  GPIOIntRegisterPin                 
000008bf  GPIOIntStatus                      
00000417  GPIOIntTypeGet                     
00000373  GPIOIntTypeSet                     
00000913  GPIOIntUnregister                  
0000095b  GPIOIntUnregisterPin               
0000070f  GPIOPadConfigGet                   
000004a1  GPIOPadConfigSet                   
00000d79  GPIOPinConfigure                   
0000097f  GPIOPinRead                        
000009b7  GPIOPinTypeADC                     
000009db  GPIOPinTypeCAN                     
000009ff  GPIOPinTypeComparator              
00000a23  GPIOPinTypeComparatorOutput        
00000a47  GPIOPinTypeDIVSCLK                 
00000a6b  GPIOPinTypeEPI                     
00000a8f  GPIOPinTypeEthernetLED             
00000ab3  GPIOPinTypeEthernetMII             
00000ad7  GPIOPinTypeGPIOInput               
00000afb  GPIOPinTypeGPIOOutput              
00000b25  GPIOPinTypeGPIOOutputOD            
00000b49  GPIOPinTypeHibernateRTCCLK         
00000b6d  GPIOPinTypeI2C                     
00000b91  GPIOPinTypeI2CSCL                  
00000bb5  GPIOPinTypeLCD                     
00000bd9  GPIOPinTypeOneWire                 
00000bfd  GPIOPinTypePWM                     
00000c21  GPIOPinTypeQEI                     
00000c45  GPIOPinTypeSSI                     
00000c69  GPIOPinTypeTimer                   
00000c8d  GPIOPinTypeTrace                   
00000cb1  GPIOPinTypeUART                    
00000cd5  GPIOPinTypeUSBAnalog               
00000cf9  GPIOPinTypeUSBDigital              
00000d1d  GPIOPinTypeWakeHigh                
00000d43  GPIOPinTypeWakeLow                 
00000d69  GPIOPinWakeStatus                  
00000997  GPIOPinWrite                       
00000e4f  GPIOUnlockPin                      
0000581d  IntDisable                         
00005885  IntEnable                          
00005999  IntRegister                        
00005a01  IntUnregister                      
00005a2f  ResetISR                           
000023ed  SysCtlAltClkConfig                 
00001b15  SysCtlClockFreqSet                 
00001fdd  SysCtlClockGet                     
000023d1  SysCtlClockOutConfig               
00001e0d  SysCtlClockSet                     
00001a19  SysCtlDeepSleep                    
000021a1  SysCtlDeepSleepClockConfigSet      
00002183  SysCtlDeepSleepClockSet            
000019f9  SysCtlDeepSleepPowerSet            
00005a3b  SysCtlDelay                        
000015a7  SysCtlFlashSectorSizeGet           
0000157b  SysCtlFlashSizeGet                 
00002277  SysCtlGPIOAHBDisable               
0000225b  SysCtlGPIOAHBEnable                
0000198d  SysCtlIntClear                     
00001975  SysCtlIntDisable                   
00001961  SysCtlIntEnable                    
00001939  SysCtlIntRegister                  
0000199d  SysCtlIntStatus                    
00001951  SysCtlIntUnregister                
000019df  SysCtlLDODeepSleepGet              
000019cf  SysCtlLDODeepSleepSet              
000019c9  SysCtlLDOSleepGet                  
000019b9  SysCtlLDOSleepSet                  
00001a4f  SysCtlMOSCConfigSet                
000023b5  SysCtlNMIClear                     
000023a1  SysCtlNMIStatus                    
00001a65  SysCtlPIOSCCalibrate               
00002245  SysCtlPWMClockGet                  
0000222b  SysCtlPWMClockSet                  
000018e5  SysCtlPeripheralClockGating        
0000189d  SysCtlPeripheralDeepSleepDisable   
0000184d  SysCtlPeripheralDeepSleepEnable    
00001789  SysCtlPeripheralDisable            
0000174d  SysCtlPeripheralEnable             
00001689  SysCtlPeripheralPowerOff           
0000164d  SysCtlPeripheralPowerOn            
000015cd  SysCtlPeripheralPresent            
0000160d  SysCtlPeripheralReady              
000016c5  SysCtlPeripheralReset              
00001811  SysCtlPeripheralSleepDisable       
000017cd  SysCtlPeripheralSleepEnable        
00001a09  SysCtlReset                        
00001ac5  SysCtlResetBehaviorGet             
00001ab5  SysCtlResetBehaviorSet             
00001a3b  SysCtlResetCauseClear              
00001a35  SysCtlResetCauseGet                
00001571  SysCtlSRAMSizeGet                  
00001a11  SysCtlSleep                        
000019e5  SysCtlSleepPowerSet                
0000229f  SysCtlUSBPLLDisable                
00002293  SysCtlUSBPLLEnable                 
000022e5  SysCtlVCOGet                       
000022cd  SysCtlVoltageEventClear            
000022b1  SysCtlVoltageEventConfig           
000022c1  SysCtlVoltageEventStatus           
00002439  Task_LED                           
00001453  UART9BitAddrSend                   
0000142d  UART9BitAddrSet                    
00001417  UART9BitDisable                    
00001401  UART9BitEnable                     
000012a7  UARTBreakCtl                       
000012d1  UARTBusy                           
0000124f  UARTCharGet                        
00001233  UARTCharGetNonBlocking             
00001289  UARTCharPut                        
00001265  UARTCharPutNonBlocking             
000011f7  UARTCharsAvail                     
000013f1  UARTClockSourceGet                 
000013dd  UARTClockSourceSet                 
00000fb7  UARTConfigGetExpClk                
00000f41  UARTConfigSetExpClk                
000013a3  UARTDMADisable                     
0000138b  UARTDMAEnable                      
00001027  UARTDisable                        
000010b5  UARTDisableSIR                     
00001003  UARTEnable                         
00001087  UARTEnableSIR                      
00001071  UARTFIFODisable                    
00001051  UARTFIFOEnable                     
00000f19  UARTFIFOLevelGet                   
00000f01  UARTFIFOLevelSet                   
000011b7  UARTFlowControlGet                 
0000119b  UARTFlowControlSet                 
00001379  UARTIntClear                       
00001343  UARTIntDisable                     
0000132b  UARTIntEnable                      
000023fd  UARTIntHandler                     
000012ef  UARTIntRegister                    
0000135b  UARTIntStatus                      
00001311  UARTIntUnregister                  
0000149b  UARTLoopbackEnable                 
00001151  UARTModemControlClear              
00001175  UARTModemControlGet                
00001119  UARTModemControlSet                
00001187  UARTModemStatusGet                 
00000eef  UARTParityModeGet                  
00000ed3  UARTParityModeSet                  
000013cd  UARTRxErrorClear                   
000013bb  UARTRxErrorGet                     
000010fd  UARTSmartCardDisable               
000010cb  UARTSmartCardEnable                
00001215  UARTSpaceAvail                     
000011e5  UARTTxIntModeGet                   
000011c9  UARTTxIntModeSet                   
200053c0  __STACK_END                        
00000200  __STACK_SIZE                       
200053c0  __STACK_TOP                        
00005fd8  __TI_CINIT_Base                    
00005ff0  __TI_CINIT_Limit                   
00005fbc  __TI_Handler_Table_Base            
00005fc8  __TI_Handler_Table_Limit           
00005955  __TI_auto_init_nobinit_nopinit     
000058ed  __TI_decompress_lzss               
00005a15  __TI_decompress_none               
ffffffff  __TI_pprof_out_hndl                
ffffffff  __TI_prof_data_size                
ffffffff  __TI_prof_data_start               
00000000  __TI_static_base__                 
00005a23  __TI_zero_init                     
000057a3  __aeabi_memclr                     
000057a3  __aeabi_memclr4                    
000057a3  __aeabi_memclr8                    
00005707  __aeabi_memcpy                     
00005707  __aeabi_memcpy4                    
00005707  __aeabi_memcpy8                    
000057a5  __aeabi_memset                     
000057a5  __aeabi_memset4                    
000057a5  __aeabi_memset8                    
ffffffff  __binit__                          
ffffffff  __c_args__                         
UNDEFED   __mpu_init                         
200051c0  __stack                            
000059cd  _c_int00_noargs                    
UNDEFED   _system_post_cinit                 
00005a45  _system_pre_init                   
00005a49  abort                              
ffffffff  binit                              
000029ed  eTaskGetState                      
20000000  g_pfnRAMVectors                    
00000000  g_pfnVectors                       
00002531  main                               
00005707  memcpy                             
000057ab  memset                             
00004fc7  pcQueueGetName                     
00003037  pcTaskGetName                      
00005341  pvPortMalloc                       
00003cbf  pvTaskIncrementMutexHeldCount      
200053c0  pxCurrentTCB                       
0000517d  pxPortInitialiseStack              
00004d09  ucQueueGetQueueType                
00005f94  ulMaxSyscallInterruptPriority      
0000563d  ulPortGetIPSR                      
00003ce5  ulTaskGenericNotifyTake            
000041c5  ulTaskGenericNotifyValueClear      
000055e3  uxListRemove                       
00004ce9  uxQueueGetQueueNumber              
00004c87  uxQueueMessagesWaiting             
00004cbd  uxQueueMessagesWaitingFromISR      
00004c9d  uxQueueSpacesAvailable             
00003031  uxTaskGetNumberOfTasks             
000039d1  uxTaskGetStackHighWaterMark        
000031c9  uxTaskGetSystemState               
0000373b  uxTaskGetTaskNumber                
00002ab5  uxTaskPriorityGet                  
00002ae1  uxTaskPriorityGetFromISR           
00003c99  uxTaskResetEventItemValue          
000054f9  vListInitialise                    
00005529  vListInitialiseItem                
00005575  vListInsert                        
00005539  vListInsertEnd                     
000056f9  vPortEnableVFP                     
0000527b  vPortEndScheduler                  
0000527d  vPortEnterCritical                 
0000529d  vPortExitCritical                  
00005439  vPortFree                          
0000549d  vPortInitialiseBlocks              
000056b5  vPortSVCHandler                    
000052d9  vPortSetupTimerInterrupt           
000056d5  vPortStartFirstTask                
000052f5  vPortValidateInterruptPriority     
00004f85  vQueueAddToRegistry                
00004cd3  vQueueDelete                       
00004cf7  vQueueSetQueueNumber               
00005007  vQueueUnregisterQueue              
000029a7  vTaskDelay                         
000028f9  vTaskDelayUntil                    
00002869  vTaskDelete                        
00002ec1  vTaskEndScheduler                  
000040af  vTaskGenericNotifyGiveFromISR      
0000383d  vTaskGetInfo                       
0000366d  vTaskInternalSetTimeOutState       
00003733  vTaskMissedYield                   
000034f1  vTaskPlaceOnEventList              
00003511  vTaskPlaceOnUnorderedEventList     
00003be1  vTaskPriorityDisinheritAfterTimeout
00002b2d  vTaskPrioritySet                   
000035dd  vTaskRemoveFromUnorderedEventList  
00002d55  vTaskResume                        
0000375b  vTaskSetTaskNumber                 
00003645  vTaskSetTimeOutState               
00002e71  vTaskStartScheduler                
00002c41  vTaskSuspend                       
00002edd  vTaskSuspendAll                    
0000346b  vTaskSwitchContext                 
00005497  xPortGetFreeHeapSize               
00005655  xPortPendSVHandler                 
000051e7  xPortStartScheduler                
000052b3  xPortSysTickHandler                
0000505f  xQueueAddToSet                     
000044d7  xQueueCreateCountingSemaphore      
00004427  xQueueCreateMutex                  
0000504b  xQueueCreateSet                    
0000436d  xQueueGenericCreate                
000042cd  xQueueGenericReset                 
000044f7  xQueueGenericSend                  
00004661  xQueueGenericSendFromISR           
0000472d  xQueueGiveFromISR                  
00004453  xQueueGiveMutexRecursive           
00004f19  xQueueIsQueueEmptyFromISR          
00004f5f  xQueueIsQueueFullFromISR           
00004a69  xQueuePeek                         
00004c31  xQueuePeekFromISR                  
000047df  xQueueReceive                      
00004b93  xQueueReceiveFromISR               
200050f0  xQueueRegistry                     
00005093  xQueueRemoveFromSet                
000050d5  xQueueSelectFromSet                
000050f1  xQueueSelectFromSetFromISR         
00004907  xQueueSemaphoreTake                
0000448f  xQueueTakeMutexRecursive           
000032c9  xTaskAbortDelay                    
000032a1  xTaskCatchUpTicks                  
00003687  xTaskCheckForTimeOut               
00002649  xTaskCreate                        
00003e5d  xTaskGenericNotify                 
00003f79  xTaskGenericNotifyFromISR          
00004173  xTaskGenericNotifyStateClear       
00003d95  xTaskGenericNotifyWait             
00003a41  xTaskGetCurrentTaskHandle          
0000313d  xTaskGetHandle                     
0000329b  xTaskGetIdleTaskHandle             
00003a61  xTaskGetSchedulerState             
00002fe5  xTaskGetTickCount                  
00002ffd  xTaskGetTickCountFromISR           
0000335d  xTaskIncrementTick                 
00003b5b  xTaskPriorityDisinherit            
00003a9d  xTaskPriorityInherit               
0000354d  xTaskRemoveFromEventList           
00002ef1  xTaskResumeAll                     
00002dd3  xTaskResumeFromISR                 


GLOBAL SYMBOLS: SORTED BY Symbol Address 

address   name                               
-------   ----                               
00000000  __TI_static_base__                 
00000000  g_pfnVectors                       
00000200  __STACK_SIZE                       
000002cb  GPIODirModeSet                     
00000327  GPIODirModeGet                     
00000373  GPIOIntTypeSet                     
00000417  GPIOIntTypeGet                     
000004a1  GPIOPadConfigSet                   
0000070f  GPIOPadConfigGet                   
00000881  GPIOIntEnable                      
000008a5  GPIOIntDisable                     
000008bf  GPIOIntStatus                      
000008e1  GPIOIntClear                       
000008f5  GPIOIntRegister                    
00000913  GPIOIntUnregister                  
0000092d  GPIOIntRegisterPin                 
0000095b  GPIOIntUnregisterPin               
0000097f  GPIOPinRead                        
00000997  GPIOPinWrite                       
000009b7  GPIOPinTypeADC                     
000009db  GPIOPinTypeCAN                     
000009ff  GPIOPinTypeComparator              
00000a23  GPIOPinTypeComparatorOutput        
00000a47  GPIOPinTypeDIVSCLK                 
00000a6b  GPIOPinTypeEPI                     
00000a8f  GPIOPinTypeEthernetLED             
00000ab3  GPIOPinTypeEthernetMII             
00000ad7  GPIOPinTypeGPIOInput               
00000afb  GPIOPinTypeGPIOOutput              
00000b25  GPIOPinTypeGPIOOutputOD            
00000b49  GPIOPinTypeHibernateRTCCLK         
00000b6d  GPIOPinTypeI2C                     
00000b91  GPIOPinTypeI2CSCL                  
00000bb5  GPIOPinTypeLCD                     
00000bd9  GPIOPinTypeOneWire                 
00000bfd  GPIOPinTypePWM                     
00000c21  GPIOPinTypeQEI                     
00000c45  GPIOPinTypeSSI                     
00000c69  GPIOPinTypeTimer                   
00000c8d  GPIOPinTypeTrace                   
00000cb1  GPIOPinTypeUART                    
00000cd5  GPIOPinTypeUSBAnalog               
00000cf9  GPIOPinTypeUSBDigital              
00000d1d  GPIOPinTypeWakeHigh                
00000d43  GPIOPinTypeWakeLow                 
00000d69  GPIOPinWakeStatus                  
00000d79  GPIOPinConfigure                   
00000dd7  GPIODMATriggerEnable               
00000df5  GPIODMATriggerDisable              
00000e13  GPIOADCTriggerEnable               
00000e31  GPIOADCTriggerDisable              
00000e4f  GPIOUnlockPin                      
00000ed3  UARTParityModeSet                  
00000eef  UARTParityModeGet                  
00000f01  UARTFIFOLevelSet                   
00000f19  UARTFIFOLevelGet                   
00000f41  UARTConfigSetExpClk                
00000fb7  UARTConfigGetExpClk                
00001003  UARTEnable                         
00001027  UARTDisable                        
00001051  UARTFIFOEnable                     
00001071  UARTFIFODisable                    
00001087  UARTEnableSIR                      
000010b5  UARTDisableSIR                     
000010cb  UARTSmartCardEnable                
000010fd  UARTSmartCardDisable               
00001119  UARTModemControlSet                
00001151  UARTModemControlClear              
00001175  UARTModemControlGet                
00001187  UARTModemStatusGet                 
0000119b  UARTFlowControlSet                 
000011b7  UARTFlowControlGet                 
000011c9  UARTTxIntModeSet                   
000011e5  UARTTxIntModeGet                   
000011f7  UARTCharsAvail                     
00001215  UARTSpaceAvail                     
00001233  UARTCharGetNonBlocking             
0000124f  UARTCharGet                        
00001265  UARTCharPutNonBlocking             
00001289  UARTCharPut                        
000012a7  UARTBreakCtl                       
000012d1  UARTBusy                           
000012ef  UARTIntRegister                    
00001311  UARTIntUnregister                  
0000132b  UARTIntEnable                      
00001343  UARTIntDisable                     
0000135b  UARTIntStatus                      
00001379  UARTIntClear                       
0000138b  UARTDMAEnable                      
000013a3  UARTDMADisable                     
000013bb  UARTRxErrorGet                     
000013cd  UARTRxErrorClear                   
000013dd  UARTClockSourceSet                 
000013f1  UARTClockSourceGet                 
00001401  UART9BitEnable                     
00001417  UART9BitDisable                    
0000142d  UART9BitAddrSet                    
00001453  UART9BitAddrSend                   
0000149b  UARTLoopbackEnable                 
00001571  SysCtlSRAMSizeGet                  
0000157b  SysCtlFlashSizeGet                 
000015a7  SysCtlFlashSectorSizeGet           
000015cd  SysCtlPeripheralPresent            
0000160d  SysCtlPeripheralReady              
0000164d  SysCtlPeripheralPowerOn            
00001689  SysCtlPeripheralPowerOff           
000016c5  SysCtlPeripheralReset              
0000174d  SysCtlPeripheralEnable             
00001789  SysCtlPeripheralDisable            
000017cd  SysCtlPeripheralSleepEnable        
00001811  SysCtlPeripheralSleepDisable       
0000184d  SysCtlPeripheralDeepSleepEnable    
0000189d  SysCtlPeripheralDeepSleepDisable   
000018e5  SysCtlPeripheralClockGating        
00001939  SysCtlIntRegister                  
00001951  SysCtlIntUnregister                
00001961  SysCtlIntEnable                    
00001975  SysCtlIntDisable                   
0000198d  SysCtlIntClear                     
0000199d  SysCtlIntStatus                    
000019b9  SysCtlLDOSleepSet                  
000019c9  SysCtlLDOSleepGet                  
000019cf  SysCtlLDODeepSleepSet              
000019df  SysCtlLDODeepSleepGet              
000019e5  SysCtlSleepPowerSet                
000019f9  SysCtlDeepSleepPowerSet            
00001a09  SysCtlReset                        
00001a11  SysCtlSleep                        
00001a19  SysCtlDeepSleep                    
00001a35  SysCtlResetCauseGet                
00001a3b  SysCtlResetCauseClear              
00001a4f  SysCtlMOSCConfigSet                
00001a65  SysCtlPIOSCCalibrate               
00001ab5  SysCtlResetBehaviorSet             
00001ac5  SysCtlResetBehaviorGet             
00001b15  SysCtlClockFreqSet                 
00001e0d  SysCtlClockSet                     
00001fdd  SysCtlClockGet                     
00002183  SysCtlDeepSleepClockSet            
000021a1  SysCtlDeepSleepClockConfigSet      
0000222b  SysCtlPWMClockSet                  
00002245  SysCtlPWMClockGet                  
0000225b  SysCtlGPIOAHBEnable                
00002277  SysCtlGPIOAHBDisable               
00002293  SysCtlUSBPLLEnable                 
0000229f  SysCtlUSBPLLDisable                
000022b1  SysCtlVoltageEventConfig           
000022c1  SysCtlVoltageEventStatus           
000022cd  SysCtlVoltageEventClear            
000022e5  SysCtlVCOGet                       
000023a1  SysCtlNMIStatus                    
000023b5  SysCtlNMIClear                     
000023d1  SysCtlClockOutConfig               
000023ed  SysCtlAltClkConfig                 
000023fd  UARTIntHandler                     
00002439  Task_LED                           
00002531  main                               
00002649  xTaskCreate                        
00002869  vTaskDelete                        
000028f9  vTaskDelayUntil                    
000029a7  vTaskDelay                         
000029ed  eTaskGetState                      
00002ab5  uxTaskPriorityGet                  
00002ae1  uxTaskPriorityGetFromISR           
00002b2d  vTaskPrioritySet                   
00002c41  vTaskSuspend                       
00002d55  vTaskResume                        
00002dd3  xTaskResumeFromISR                 
00002e71  vTaskStartScheduler                
00002ec1  vTaskEndScheduler                  
00002edd  vTaskSuspendAll                    
00002ef1  xTaskResumeAll                     
00002fe5  xTaskGetTickCount                  
00002ffd  xTaskGetTickCountFromISR           
00003031  uxTaskGetNumberOfTasks             
00003037  pcTaskGetName                      
0000313d  xTaskGetHandle                     
000031c9  uxTaskGetSystemState               
0000329b  xTaskGetIdleTaskHandle             
000032a1  xTaskCatchUpTicks                  
000032c9  xTaskAbortDelay                    
0000335d  xTaskIncrementTick                 
0000346b  vTaskSwitchContext                 
000034f1  vTaskPlaceOnEventList              
00003511  vTaskPlaceOnUnorderedEventList     
0000354d  xTaskRemoveFromEventList           
000035dd  vTaskRemoveFromUnorderedEventList  
00003645  vTaskSetTimeOutState               
0000366d  vTaskInternalSetTimeOutState       
00003687  xTaskCheckForTimeOut               
00003733  vTaskMissedYield                   
0000373b  uxTaskGetTaskNumber                
0000375b  vTaskSetTaskNumber                 
0000383d  vTaskGetInfo                       
000039d1  uxTaskGetStackHighWaterMark        
00003a41  xTaskGetCurrentTaskHandle          
00003a61  xTaskGetSchedulerState             
00003a9d  xTaskPriorityInherit               
00003b5b  xTaskPriorityDisinherit            
00003be1  vTaskPriorityDisinheritAfterTimeout
00003c99  uxTaskResetEventItemValue          
00003cbf  pvTaskIncrementMutexHeldCount      
00003ce5  ulTaskGenericNotifyTake            
00003d95  xTaskGenericNotifyWait             
00003e5d  xTaskGenericNotify                 
00003f79  xTaskGenericNotifyFromISR          
000040af  vTaskGenericNotifyGiveFromISR      
00004173  xTaskGenericNotifyStateClear       
000041c5  ulTaskGenericNotifyValueClear      
000042cd  xQueueGenericReset                 
0000436d  xQueueGenericCreate                
00004427  xQueueCreateMutex                  
00004453  xQueueGiveMutexRecursive           
0000448f  xQueueTakeMutexRecursive           
000044d7  xQueueCreateCountingSemaphore      
000044f7  xQueueGenericSend                  
00004661  xQueueGenericSendFromISR           
0000472d  xQueueGiveFromISR                  
000047df  xQueueReceive                      
00004907  xQueueSemaphoreTake                
00004a69  xQueuePeek                         
00004b93  xQueueReceiveFromISR               
00004c31  xQueuePeekFromISR                  
00004c87  uxQueueMessagesWaiting             
00004c9d  uxQueueSpacesAvailable             
00004cbd  uxQueueMessagesWaitingFromISR      
00004cd3  vQueueDelete                       
00004ce9  uxQueueGetQueueNumber              
00004cf7  vQueueSetQueueNumber               
00004d09  ucQueueGetQueueType                
00004f19  xQueueIsQueueEmptyFromISR          
00004f5f  xQueueIsQueueFullFromISR           
00004f85  vQueueAddToRegistry                
00004fc7  pcQueueGetName                     
00005007  vQueueUnregisterQueue              
0000504b  xQueueCreateSet                    
0000505f  xQueueAddToSet                     
00005093  xQueueRemoveFromSet                
000050d5  xQueueSelectFromSet                
000050f1  xQueueSelectFromSetFromISR         
0000517d  pxPortInitialiseStack              
000051e7  xPortStartScheduler                
0000527b  vPortEndScheduler                  
0000527d  vPortEnterCritical                 
0000529d  vPortExitCritical                  
000052b3  xPortSysTickHandler                
000052d9  vPortSetupTimerInterrupt           
000052f5  vPortValidateInterruptPriority     
00005341  pvPortMalloc                       
00005439  vPortFree                          
00005497  xPortGetFreeHeapSize               
0000549d  vPortInitialiseBlocks              
000054f9  vListInitialise                    
00005529  vListInitialiseItem                
00005539  vListInsertEnd                     
00005575  vListInsert                        
000055e3  uxListRemove                       
0000563d  ulPortGetIPSR                      
00005655  xPortPendSVHandler                 
000056b5  vPortSVCHandler                    
000056d5  vPortStartFirstTask                
000056f9  vPortEnableVFP                     
00005707  __aeabi_memcpy                     
00005707  __aeabi_memcpy4                    
00005707  __aeabi_memcpy8                    
00005707  memcpy                             
000057a3  __aeabi_memclr                     
000057a3  __aeabi_memclr4                    
000057a3  __aeabi_memclr8                    
000057a5  __aeabi_memset                     
000057a5  __aeabi_memset4                    
000057a5  __aeabi_memset8                    
000057ab  memset                             
0000581d  IntDisable                         
00005885  IntEnable                          
000058ed  __TI_decompress_lzss               
00005955  __TI_auto_init_nobinit_nopinit     
00005999  IntRegister                        
000059cd  _c_int00_noargs                    
00005a01  IntUnregister                      
00005a15  __TI_decompress_none               
00005a23  __TI_zero_init                     
00005a2f  ResetISR                           
00005a3b  SysCtlDelay                        
00005a41  CPUwfi                             
00005a45  _system_pre_init                   
00005a49  C$$EXIT                            
00005a49  abort                              
00005f94  ulMaxSyscallInterruptPriority      
00005fbc  __TI_Handler_Table_Base            
00005fc8  __TI_Handler_Table_Limit           
00005fd8  __TI_CINIT_Base                    
00005ff0  __TI_CINIT_Limit                   
20000000  g_pfnRAMVectors                    
200050f0  xQueueRegistry                     
200051bc  ColorHandle                        
200051c0  __stack                            
200053c0  __STACK_END                        
200053c0  __STACK_TOP                        
200053c0  pxCurrentTCB                       
ffffffff  __TI_pprof_out_hndl                
ffffffff  __TI_prof_data_size                
ffffffff  __TI_prof_data_start               
ffffffff  __binit__                          
ffffffff  __c_args__                         
ffffffff  binit                              
UNDEFED   __mpu_init                         
UNDEFED   _system_post_cinit                 

[308 symbols]
