******************************************************************************
                  TI ARM Linker PC v18.12.4                    
******************************************************************************
>> Linked Wed Sep 16 01:51:51 2020

OUTPUT FILE NAME:   <FreeRTOS_UART.out>
ENTRY POINT SYMBOL: "_c_int00_noargs"  address: 00005821


MEMORY CONFIGURATION

         name            origin    length      used     unused   attr    fill
----------------------  --------  ---------  --------  --------  ----  --------
  FLASH                 00000000   00040000  00005e40  0003a1c0  R  X
  SRAM                  20000000   00008000  00005408  00002bf8  RW X


SEGMENT ALLOCATION MAP

run origin  load origin   length   init length attrs members
----------  ----------- ---------- ----------- ----- -------
00000000    00000000    00005e40   00005e40    r-x
  00000000    00000000    0000026c   0000026c    r-- .intvecs
  0000026c    0000026c    00005634   00005634    r-x .text
  000058a0    000058a0    00000550   00000550    r-- .const
  00005df0    00005df0    00000050   00000050    r-- .cinit
20000000    20000000    00005408   00000000    rw-
  20000000    20000000    0000026c   00000000    rw- .vtable
  2000026c    2000026c    00004f54   00000000    rw- .bss
  200051c0    200051c0    00000200   00000000    rw- .stack
  200053c0    200053c0    00000048   00000000    rw- .data


SECTION ALLOCATION MAP

 output                                  attributes/
section   page    origin      length       input sections
--------  ----  ----------  ----------   ----------------
.intvecs   0    00000000    0000026c     
                  00000000    0000026c     tm4c123gh6pm_startup_ccs.obj (.intvecs)

.text      0    0000026c    00005634     
                  0000026c    000023e8     main.obj (.text)
                  00002654    00001c84     tasks.obj (.text)
                  000042d8    00000cf8     queue.obj (.text)
                  00004fd0    000001c4     port.obj (.text)
                  00005194    000001b8     heap_2.obj (.text)
                  0000534c    00000132     list.obj (.text)
                  0000547e    00000002     driverlib.lib : interrupt.obj (.text:_IntDefaultHandler)
                  00005480    000000da     portasm.obj (.text)
                  0000555a    0000009c     rtsv7M4_T_le_v4SPD16_eabi.lib : memcpy_t2.asm.obj (.text)
                  000055f6    0000007a                                   : memset_t2.asm.obj (.text)
                  00005670    00000068     driverlib.lib : interrupt.obj (.text:IntDisable)
                  000056d8    00000068                   : interrupt.obj (.text:IntEnable)
                  00005740    00000068     rtsv7M4_T_le_v4SPD16_eabi.lib : copy_decompress_lzss.c.obj (.text:decompress:lzss:__TI_decompress_lzss)
                  000057a8    00000044                                   : autoinit.c.obj (.text:__TI_auto_init_nobinit_nopinit:__TI_auto_init_nobinit_nopinit)
                  000057ec    00000034     driverlib.lib : interrupt.obj (.text:IntRegister)
                  00005820    00000034     rtsv7M4_T_le_v4SPD16_eabi.lib : boot_cortex_m.c.obj (.text:_c_int00_noargs:_c_int00_noargs)
                  00005854    00000014     driverlib.lib : interrupt.obj (.text:IntUnregister)
                  00005868    0000000e     rtsv7M4_T_le_v4SPD16_eabi.lib : copy_decompress_none.c.obj (.text:decompress:none:__TI_decompress_none)
                  00005876    0000000c                                   : copy_zero_init.c.obj (.text:decompress:ZI:__TI_zero_init)
                  00005882    0000000c     tm4c123gh6pm_startup_ccs.obj (.text)
                  0000588e    00000006     main.obj (.text:SysCtlDelay)
                  00005894    00000004     driverlib.lib : cpu.obj (.text:CPUwfi)
                  00005898    00000004     rtsv7M4_T_le_v4SPD16_eabi.lib : pre_init.c.obj (.text:_system_pre_init)
                  0000589c    00000004                                   : exit.c.obj (.text:abort:abort)

.const     0    000058a0    00000550     
                  000058a0    000001b0     main.obj (.const:g_pppui32XTALtoVCO)
                  00005a50    000000d8     main.obj (.const:g_ppui32GPIOIntMapSnowflake)
                  00005b28    000000c0     main.obj (.const:g_ppui32GPIOIntMapBlizzard)
                  00005be8    00000090     main.obj (.const:g_pui32GPIOBaseAddrs)
                  00005c78    0000006c     main.obj (.const:g_pui32Xtals)
                  00005ce4    00000040     main.obj (.const:g_ppui32UARTIntMap)
                  00005d24    00000040     main.obj (.const:g_ppui32UARTIntMapSnowflake)
                  00005d64    00000030     main.obj (.const:g_sXTALtoMEMTIM)
                  00005d94    00000022     main.obj (.const:.string:$P$T0$1)
                  00005db6    00000002     --HOLE-- [fill = 0]
                  00005db8    00000014     driverlib.lib : interrupt.obj (.const:g_pui32Dii16Regs)
                  00005dcc    00000014                   : interrupt.obj (.const:g_pui32EnRegs)
                  00005de0    00000008     main.obj (.const:g_pui32VCOFrequencies)
                  00005de8    00000008     port.obj (.const)

.cinit     0    00005df0    00000050     
                  00005df0    0000001b     (.cinit..data.load) [load image, compression = lzss]
                  00005e0b    00000001     --HOLE-- [fill = 0]
                  00005e0c    0000000c     (__TI_handler_table)
                  00005e18    00000008     (.cinit..bss.load) [load image, compression = zero_init]
                  00005e20    00000008     (.cinit..vtable.load) [load image, compression = zero_init]
                  00005e28    00000018     (__TI_cinit_table)

.init_array 
*          0    00000000    00000000     UNINITIALIZED

.vtable    0    20000000    0000026c     UNINITIALIZED
                  20000000    0000026c     driverlib.lib : interrupt.obj (.vtable)

.bss       0    2000026c    00004f54     UNINITIALIZED
                  2000026c    00004e20     heap_2.obj (.bss:ucHeap)
                  2000508c    00000064     tasks.obj (.bss:pxReadyTasksLists)
                  200050f0    00000050     (.common:xQueueRegistry)
                  20005140    00000014     tasks.obj (.bss:xDelayedTaskList1)
                  20005154    00000014     tasks.obj (.bss:xDelayedTaskList2)
                  20005168    00000014     tasks.obj (.bss:xPendingReadyList)
                  2000517c    00000014     tasks.obj (.bss:xSuspendedTaskList)
                  20005190    00000014     tasks.obj (.bss:xTasksWaitingTermination)
                  200051a4    00000008     tasks.obj (.bss)
                  200051ac    00000008     heap_2.obj (.bss:xEnd)
                  200051b4    00000008     heap_2.obj (.bss:xStart)
                  200051bc    00000004     (.common:ColorHandle)

.data      0    200053c0    00000048     UNINITIALIZED
                  200053c0    00000034     tasks.obj (.data)
                  200053f4    0000000c     port.obj (.data)
                  20005400    00000008     heap_2.obj (.data)

.stack     0    200051c0    00000200     UNINITIALIZED
                  200051c0    00000004     rtsv7M4_T_le_v4SPD16_eabi.lib : boot_cortex_m.c.obj (.stack)
                  200051c4    000001fc     --HOLE--

MODULE SUMMARY

       Module                         code    ro data   rw data
       ------                         ----    -------   -------
    .\
       heap_2.obj                     440     0         20024  
       main.obj                       9198    1310      4      
       tasks.obj                      7300    0         260    
       queue.obj                      3320    0         80     
       tm4c123gh6pm_startup_ccs.obj   12      620       0      
       port.obj                       452     8         12     
       list.obj                       306     0         0      
       portasm.obj                    218     0         0      
    +--+------------------------------+-------+---------+---------+
       Total:                         21246   1938      20380  
                                                               
    C:\ti\ccs930\ccs\tools\compiler\ti-cgt-arm_18.12.4.LTS\lib\rtsv7M4_T_le_v4SPD16_eabi.lib
       memcpy_t2.asm.obj              156     0         0      
       memset_t2.asm.obj              122     0         0      
       copy_decompress_lzss.c.obj     104     0         0      
       autoinit.c.obj                 68      0         0      
       boot_cortex_m.c.obj            52      0         0      
       copy_decompress_none.c.obj     14      0         0      
       copy_zero_init.c.obj           12      0         0      
       exit.c.obj                     4       0         0      
       pre_init.c.obj                 4       0         0      
    +--+------------------------------+-------+---------+---------+
       Total:                         536     0         0      
                                                               
    E:/Embedded Systems/Tiva C/driverlib/ccs/Debug/driverlib.lib
       interrupt.obj                  282     40        620    
       cpu.obj                        4       0         0      
    +--+------------------------------+-------+---------+---------+
       Total:                         286     40        620    
                                                               
       Stack:                         0       0         512    
       Linker Generated:              0       79        0      
    +--+------------------------------+-------+---------+---------+
       Grand Total:                   22068   2057      21512  


LINKER GENERATED COPY TABLES

__TI_cinit_table @ 00005e28 records: 3, size/record: 8, table size: 24
	.data: load addr=00005df0, load size=0000001b bytes, run addr=200053c0, run size=00000048 bytes, compression=lzss
	.bss: load addr=00005e18, load size=00000008 bytes, run addr=2000026c, run size=00004f54 bytes, compression=zero_init
	.vtable: load addr=00005e20, load size=00000008 bytes, run addr=20000000, run size=0000026c bytes, compression=zero_init


LINKER GENERATED HANDLER TABLE

__TI_handler_table @ 00005e0c records: 3, size/record: 4, table size: 12
	index: 0, handler: __TI_zero_init
	index: 1, handler: __TI_decompress_lzss
	index: 2, handler: __TI_decompress_none


GLOBAL SYMBOLS: SORTED ALPHABETICALLY BY Name 

address   name                               
-------   ----                               
0000589d  C$$EXIT                            
00005895  CPUwfi                             
200051bc  ColorHandle                        
00000e31  GPIOADCTriggerDisable              
00000e13  GPIOADCTriggerEnable               
00000df5  GPIODMATriggerDisable              
00000dd7  GPIODMATriggerEnable               
00000327  GPIODirModeGet                     
000002cb  GPIODirModeSet                     
000008e1  GPIOIntClear                       
000008a5  GPIOIntDisable                     
00000881  GPIOIntEnable                      
000008f5  GPIOIntRegister                    
0000092d  GPIOIntRegisterPin                 
000008bf  GPIOIntStatus                      
00000417  GPIOIntTypeGet                     
00000373  GPIOIntTypeSet                     
00000913  GPIOIntUnregister                  
0000095b  GPIOIntUnregisterPin               
0000070f  GPIOPadConfigGet                   
000004a1  GPIOPadConfigSet                   
00000d79  GPIOPinConfigure                   
0000097f  GPIOPinRead                        
000009b7  GPIOPinTypeADC                     
000009db  GPIOPinTypeCAN                     
000009ff  GPIOPinTypeComparator              
00000a23  GPIOPinTypeComparatorOutput        
00000a47  GPIOPinTypeDIVSCLK                 
00000a6b  GPIOPinTypeEPI                     
00000a8f  GPIOPinTypeEthernetLED             
00000ab3  GPIOPinTypeEthernetMII             
00000ad7  GPIOPinTypeGPIOInput               
00000afb  GPIOPinTypeGPIOOutput              
00000b25  GPIOPinTypeGPIOOutputOD            
00000b49  GPIOPinTypeHibernateRTCCLK         
00000b6d  GPIOPinTypeI2C                     
00000b91  GPIOPinTypeI2CSCL                  
00000bb5  GPIOPinTypeLCD                     
00000bd9  GPIOPinTypeOneWire                 
00000bfd  GPIOPinTypePWM                     
00000c21  GPIOPinTypeQEI                     
00000c45  GPIOPinTypeSSI                     
00000c69  GPIOPinTypeTimer                   
00000c8d  GPIOPinTypeTrace                   
00000cb1  GPIOPinTypeUART                    
00000cd5  GPIOPinTypeUSBAnalog               
00000cf9  GPIOPinTypeUSBDigital              
00000d1d  GPIOPinTypeWakeHigh                
00000d43  GPIOPinTypeWakeLow                 
00000d69  GPIOPinWakeStatus                  
00000997  GPIOPinWrite                       
00000e4f  GPIOUnlockPin                      
00005671  IntDisable                         
000056d9  IntEnable                          
000057ed  IntRegister                        
00005855  IntUnregister                      
00005883  ResetISR                           
000023ed  SysCtlAltClkConfig                 
00001b15  SysCtlClockFreqSet                 
00001fdd  SysCtlClockGet                     
000023d1  SysCtlClockOutConfig               
00001e0d  SysCtlClockSet                     
00001a19  SysCtlDeepSleep                    
000021a1  SysCtlDeepSleepClockConfigSet      
00002183  SysCtlDeepSleepClockSet            
000019f9  SysCtlDeepSleepPowerSet            
0000588f  SysCtlDelay                        
000015a7  SysCtlFlashSectorSizeGet           
0000157b  SysCtlFlashSizeGet                 
00002277  SysCtlGPIOAHBDisable               
0000225b  SysCtlGPIOAHBEnable                
0000198d  SysCtlIntClear                     
00001975  SysCtlIntDisable                   
00001961  SysCtlIntEnable                    
00001939  SysCtlIntRegister                  
0000199d  SysCtlIntStatus                    
00001951  SysCtlIntUnregister                
000019df  SysCtlLDODeepSleepGet              
000019cf  SysCtlLDODeepSleepSet              
000019c9  SysCtlLDOSleepGet                  
000019b9  SysCtlLDOSleepSet                  
00001a4f  SysCtlMOSCConfigSet                
000023b5  SysCtlNMIClear                     
000023a1  SysCtlNMIStatus                    
00001a65  SysCtlPIOSCCalibrate               
00002245  SysCtlPWMClockGet                  
0000222b  SysCtlPWMClockSet                  
000018e5  SysCtlPeripheralClockGating        
0000189d  SysCtlPeripheralDeepSleepDisable   
0000184d  SysCtlPeripheralDeepSleepEnable    
00001789  SysCtlPeripheralDisable            
0000174d  SysCtlPeripheralEnable             
00001689  SysCtlPeripheralPowerOff           
0000164d  SysCtlPeripheralPowerOn            
000015cd  SysCtlPeripheralPresent            
0000160d  SysCtlPeripheralReady              
000016c5  SysCtlPeripheralReset              
00001811  SysCtlPeripheralSleepDisable       
000017cd  SysCtlPeripheralSleepEnable        
00001a09  SysCtlReset                        
00001ac5  SysCtlResetBehaviorGet             
00001ab5  SysCtlResetBehaviorSet             
00001a3b  SysCtlResetCauseClear              
00001a35  SysCtlResetCauseGet                
00001571  SysCtlSRAMSizeGet                  
00001a11  SysCtlSleep                        
000019e5  SysCtlSleepPowerSet                
0000229f  SysCtlUSBPLLDisable                
00002293  SysCtlUSBPLLEnable                 
000022e5  SysCtlVCOGet                       
000022cd  SysCtlVoltageEventClear            
000022b1  SysCtlVoltageEventConfig           
000022c1  SysCtlVoltageEventStatus           
0000244d  Task_LED                           
000023fd  Task_UART                          
00001453  UART9BitAddrSend                   
0000142d  UART9BitAddrSet                    
00001417  UART9BitDisable                    
00001401  UART9BitEnable                     
000012a7  UARTBreakCtl                       
000012d1  UARTBusy                           
0000124f  UARTCharGet                        
00001233  UARTCharGetNonBlocking             
00001289  UARTCharPut                        
00001265  UARTCharPutNonBlocking             
000011f7  UARTCharsAvail                     
000013f1  UARTClockSourceGet                 
000013dd  UARTClockSourceSet                 
00000fb7  UARTConfigGetExpClk                
00000f41  UARTConfigSetExpClk                
000013a3  UARTDMADisable                     
0000138b  UARTDMAEnable                      
00001027  UARTDisable                        
000010b5  UARTDisableSIR                     
00001003  UARTEnable                         
00001087  UARTEnableSIR                      
00001071  UARTFIFODisable                    
00001051  UARTFIFOEnable                     
00000f19  UARTFIFOLevelGet                   
00000f01  UARTFIFOLevelSet                   
000011b7  UARTFlowControlGet                 
0000119b  UARTFlowControlSet                 
00001379  UARTIntClear                       
00001343  UARTIntDisable                     
0000132b  UARTIntEnable                      
000012ef  UARTIntRegister                    
0000135b  UARTIntStatus                      
00001311  UARTIntUnregister                  
0000149b  UARTLoopbackEnable                 
00001151  UARTModemControlClear              
00001175  UARTModemControlGet                
00001119  UARTModemControlSet                
00001187  UARTModemStatusGet                 
00000eef  UARTParityModeGet                  
00000ed3  UARTParityModeSet                  
000013cd  UARTRxErrorClear                   
000013bb  UARTRxErrorGet                     
000010fd  UARTSmartCardDisable               
000010cb  UARTSmartCardEnable                
00001215  UARTSpaceAvail                     
000011e5  UARTTxIntModeGet                   
000011c9  UARTTxIntModeSet                   
200053c0  __STACK_END                        
00000200  __STACK_SIZE                       
200053c0  __STACK_TOP                        
00005e28  __TI_CINIT_Base                    
00005e40  __TI_CINIT_Limit                   
00005e0c  __TI_Handler_Table_Base            
00005e18  __TI_Handler_Table_Limit           
000057a9  __TI_auto_init_nobinit_nopinit     
00005741  __TI_decompress_lzss               
00005869  __TI_decompress_none               
ffffffff  __TI_pprof_out_hndl                
ffffffff  __TI_prof_data_size                
ffffffff  __TI_prof_data_start               
00000000  __TI_static_base__                 
00005877  __TI_zero_init                     
000055f7  __aeabi_memclr                     
000055f7  __aeabi_memclr4                    
000055f7  __aeabi_memclr8                    
0000555b  __aeabi_memcpy                     
0000555b  __aeabi_memcpy4                    
0000555b  __aeabi_memcpy8                    
000055f9  __aeabi_memset                     
000055f9  __aeabi_memset4                    
000055f9  __aeabi_memset8                    
ffffffff  __binit__                          
ffffffff  __c_args__                         
UNDEFED   __mpu_init                         
200051c0  __stack                            
00005821  _c_int00_noargs                    
UNDEFED   _system_post_cinit                 
00005899  _system_pre_init                   
0000589d  abort                              
ffffffff  binit                              
000029f9  eTaskGetState                      
20000000  g_pfnRAMVectors                    
00000000  g_pfnVectors                       
00002545  main                               
0000555b  memcpy                             
000055ff  memset                             
00004f45  pcQueueGetName                     
00003043  pcTaskGetName                      
00005195  pvPortMalloc                       
00003ccb  pvTaskIncrementMutexHeldCount      
200053c0  pxCurrentTCB                       
00004fd1  pxPortInitialiseStack              
00004c9b  ucQueueGetQueueType                
00005de8  ulMaxSyscallInterruptPriority      
00005491  ulPortGetIPSR                      
00003cf1  ulTaskGenericNotifyTake            
000041d1  ulTaskGenericNotifyValueClear      
00005437  uxListRemove                       
00004c7b  uxQueueGetQueueNumber              
00004c19  uxQueueMessagesWaiting             
00004c4f  uxQueueMessagesWaitingFromISR      
00004c2f  uxQueueSpacesAvailable             
0000303d  uxTaskGetNumberOfTasks             
000039dd  uxTaskGetStackHighWaterMark        
000031d5  uxTaskGetSystemState               
00003747  uxTaskGetTaskNumber                
00002ac1  uxTaskPriorityGet                  
00002aed  uxTaskPriorityGetFromISR           
00003ca5  uxTaskResetEventItemValue          
0000534d  vListInitialise                    
0000537d  vListInitialiseItem                
000053c9  vListInsert                        
0000538d  vListInsertEnd                     
0000554d  vPortEnableVFP                     
000050cf  vPortEndScheduler                  
000050d1  vPortEnterCritical                 
000050f1  vPortExitCritical                  
0000528d  vPortFree                          
000052f1  vPortInitialiseBlocks              
00005509  vPortSVCHandler                    
0000512d  vPortSetupTimerInterrupt           
00005529  vPortStartFirstTask                
00005149  vPortValidateInterruptPriority     
00004f03  vQueueAddToRegistry                
00004c65  vQueueDelete                       
00004c89  vQueueSetQueueNumber               
00004f85  vQueueUnregisterQueue              
000029b3  vTaskDelay                         
00002905  vTaskDelayUntil                    
00002875  vTaskDelete                        
00002ecd  vTaskEndScheduler                  
000040bb  vTaskGenericNotifyGiveFromISR      
00003849  vTaskGetInfo                       
00003679  vTaskInternalSetTimeOutState       
0000373f  vTaskMissedYield                   
000034fd  vTaskPlaceOnEventList              
0000351d  vTaskPlaceOnUnorderedEventList     
00003bed  vTaskPriorityDisinheritAfterTimeout
00002b39  vTaskPrioritySet                   
000035e9  vTaskRemoveFromUnorderedEventList  
00002d61  vTaskResume                        
00003767  vTaskSetTaskNumber                 
00003651  vTaskSetTimeOutState               
00002e7d  vTaskStartScheduler                
00002c4d  vTaskSuspend                       
00002ee9  vTaskSuspendAll                    
00003477  vTaskSwitchContext                 
000052eb  xPortGetFreeHeapSize               
000054a9  xPortPendSVHandler                 
0000503b  xPortStartScheduler                
00005107  xPortSysTickHandler                
000044dd  xQueueCreateCountingSemaphore      
0000442d  xQueueCreateMutex                  
00004379  xQueueGenericCreate                
000042d9  xQueueGenericReset                 
000044fd  xQueueGenericSend                  
00004633  xQueueGenericSendFromISR           
000046d9  xQueueGiveFromISR                  
00004459  xQueueGiveMutexRecursive           
00004e97  xQueueIsQueueEmptyFromISR          
00004edd  xQueueIsQueueFullFromISR           
000049fb  xQueuePeek                         
00004bc3  xQueuePeekFromISR                  
00004771  xQueueReceive                      
00004b25  xQueueReceiveFromISR               
200050f0  xQueueRegistry                     
00004899  xQueueSemaphoreTake                
00004495  xQueueTakeMutexRecursive           
000032d5  xTaskAbortDelay                    
000032ad  xTaskCatchUpTicks                  
00003693  xTaskCheckForTimeOut               
00002655  xTaskCreate                        
00003e69  xTaskGenericNotify                 
00003f85  xTaskGenericNotifyFromISR          
0000417f  xTaskGenericNotifyStateClear       
00003da1  xTaskGenericNotifyWait             
00003a4d  xTaskGetCurrentTaskHandle          
00003149  xTaskGetHandle                     
000032a7  xTaskGetIdleTaskHandle             
00003a6d  xTaskGetSchedulerState             
00002ff1  xTaskGetTickCount                  
00003009  xTaskGetTickCountFromISR           
00003369  xTaskIncrementTick                 
00003b67  xTaskPriorityDisinherit            
00003aa9  xTaskPriorityInherit               
00003559  xTaskRemoveFromEventList           
00002efd  xTaskResumeAll                     
00002ddf  xTaskResumeFromISR                 


GLOBAL SYMBOLS: SORTED BY Symbol Address 

address   name                               
-------   ----                               
00000000  __TI_static_base__                 
00000000  g_pfnVectors                       
00000200  __STACK_SIZE                       
000002cb  GPIODirModeSet                     
00000327  GPIODirModeGet                     
00000373  GPIOIntTypeSet                     
00000417  GPIOIntTypeGet                     
000004a1  GPIOPadConfigSet                   
0000070f  GPIOPadConfigGet                   
00000881  GPIOIntEnable                      
000008a5  GPIOIntDisable                     
000008bf  GPIOIntStatus                      
000008e1  GPIOIntClear                       
000008f5  GPIOIntRegister                    
00000913  GPIOIntUnregister                  
0000092d  GPIOIntRegisterPin                 
0000095b  GPIOIntUnregisterPin               
0000097f  GPIOPinRead                        
00000997  GPIOPinWrite                       
000009b7  GPIOPinTypeADC                     
000009db  GPIOPinTypeCAN                     
000009ff  GPIOPinTypeComparator              
00000a23  GPIOPinTypeComparatorOutput        
00000a47  GPIOPinTypeDIVSCLK                 
00000a6b  GPIOPinTypeEPI                     
00000a8f  GPIOPinTypeEthernetLED             
00000ab3  GPIOPinTypeEthernetMII             
00000ad7  GPIOPinTypeGPIOInput               
00000afb  GPIOPinTypeGPIOOutput              
00000b25  GPIOPinTypeGPIOOutputOD            
00000b49  GPIOPinTypeHibernateRTCCLK         
00000b6d  GPIOPinTypeI2C                     
00000b91  GPIOPinTypeI2CSCL                  
00000bb5  GPIOPinTypeLCD                     
00000bd9  GPIOPinTypeOneWire                 
00000bfd  GPIOPinTypePWM                     
00000c21  GPIOPinTypeQEI                     
00000c45  GPIOPinTypeSSI                     
00000c69  GPIOPinTypeTimer                   
00000c8d  GPIOPinTypeTrace                   
00000cb1  GPIOPinTypeUART                    
00000cd5  GPIOPinTypeUSBAnalog               
00000cf9  GPIOPinTypeUSBDigital              
00000d1d  GPIOPinTypeWakeHigh                
00000d43  GPIOPinTypeWakeLow                 
00000d69  GPIOPinWakeStatus                  
00000d79  GPIOPinConfigure                   
00000dd7  GPIODMATriggerEnable               
00000df5  GPIODMATriggerDisable              
00000e13  GPIOADCTriggerEnable               
00000e31  GPIOADCTriggerDisable              
00000e4f  GPIOUnlockPin                      
00000ed3  UARTParityModeSet                  
00000eef  UARTParityModeGet                  
00000f01  UARTFIFOLevelSet                   
00000f19  UARTFIFOLevelGet                   
00000f41  UARTConfigSetExpClk                
00000fb7  UARTConfigGetExpClk                
00001003  UARTEnable                         
00001027  UARTDisable                        
00001051  UARTFIFOEnable                     
00001071  UARTFIFODisable                    
00001087  UARTEnableSIR                      
000010b5  UARTDisableSIR                     
000010cb  UARTSmartCardEnable                
000010fd  UARTSmartCardDisable               
00001119  UARTModemControlSet                
00001151  UARTModemControlClear              
00001175  UARTModemControlGet                
00001187  UARTModemStatusGet                 
0000119b  UARTFlowControlSet                 
000011b7  UARTFlowControlGet                 
000011c9  UARTTxIntModeSet                   
000011e5  UARTTxIntModeGet                   
000011f7  UARTCharsAvail                     
00001215  UARTSpaceAvail                     
00001233  UARTCharGetNonBlocking             
0000124f  UARTCharGet                        
00001265  UARTCharPutNonBlocking             
00001289  UARTCharPut                        
000012a7  UARTBreakCtl                       
000012d1  UARTBusy                           
000012ef  UARTIntRegister                    
00001311  UARTIntUnregister                  
0000132b  UARTIntEnable                      
00001343  UARTIntDisable                     
0000135b  UARTIntStatus                      
00001379  UARTIntClear                       
0000138b  UARTDMAEnable                      
000013a3  UARTDMADisable                     
000013bb  UARTRxErrorGet                     
000013cd  UARTRxErrorClear                   
000013dd  UARTClockSourceSet                 
000013f1  UARTClockSourceGet                 
00001401  UART9BitEnable                     
00001417  UART9BitDisable                    
0000142d  UART9BitAddrSet                    
00001453  UART9BitAddrSend                   
0000149b  UARTLoopbackEnable                 
00001571  SysCtlSRAMSizeGet                  
0000157b  SysCtlFlashSizeGet                 
000015a7  SysCtlFlashSectorSizeGet           
000015cd  SysCtlPeripheralPresent            
0000160d  SysCtlPeripheralReady              
0000164d  SysCtlPeripheralPowerOn            
00001689  SysCtlPeripheralPowerOff           
000016c5  SysCtlPeripheralReset              
0000174d  SysCtlPeripheralEnable             
00001789  SysCtlPeripheralDisable            
000017cd  SysCtlPeripheralSleepEnable        
00001811  SysCtlPeripheralSleepDisable       
0000184d  SysCtlPeripheralDeepSleepEnable    
0000189d  SysCtlPeripheralDeepSleepDisable   
000018e5  SysCtlPeripheralClockGating        
00001939  SysCtlIntRegister                  
00001951  SysCtlIntUnregister                
00001961  SysCtlIntEnable                    
00001975  SysCtlIntDisable                   
0000198d  SysCtlIntClear                     
0000199d  SysCtlIntStatus                    
000019b9  SysCtlLDOSleepSet                  
000019c9  SysCtlLDOSleepGet                  
000019cf  SysCtlLDODeepSleepSet              
000019df  SysCtlLDODeepSleepGet              
000019e5  SysCtlSleepPowerSet                
000019f9  SysCtlDeepSleepPowerSet            
00001a09  SysCtlReset                        
00001a11  SysCtlSleep                        
00001a19  SysCtlDeepSleep                    
00001a35  SysCtlResetCauseGet                
00001a3b  SysCtlResetCauseClear              
00001a4f  SysCtlMOSCConfigSet                
00001a65  SysCtlPIOSCCalibrate               
00001ab5  SysCtlResetBehaviorSet             
00001ac5  SysCtlResetBehaviorGet             
00001b15  SysCtlClockFreqSet                 
00001e0d  SysCtlClockSet                     
00001fdd  SysCtlClockGet                     
00002183  SysCtlDeepSleepClockSet            
000021a1  SysCtlDeepSleepClockConfigSet      
0000222b  SysCtlPWMClockSet                  
00002245  SysCtlPWMClockGet                  
0000225b  SysCtlGPIOAHBEnable                
00002277  SysCtlGPIOAHBDisable               
00002293  SysCtlUSBPLLEnable                 
0000229f  SysCtlUSBPLLDisable                
000022b1  SysCtlVoltageEventConfig           
000022c1  SysCtlVoltageEventStatus           
000022cd  SysCtlVoltageEventClear            
000022e5  SysCtlVCOGet                       
000023a1  SysCtlNMIStatus                    
000023b5  SysCtlNMIClear                     
000023d1  SysCtlClockOutConfig               
000023ed  SysCtlAltClkConfig                 
000023fd  Task_UART                          
0000244d  Task_LED                           
00002545  main                               
00002655  xTaskCreate                        
00002875  vTaskDelete                        
00002905  vTaskDelayUntil                    
000029b3  vTaskDelay                         
000029f9  eTaskGetState                      
00002ac1  uxTaskPriorityGet                  
00002aed  uxTaskPriorityGetFromISR           
00002b39  vTaskPrioritySet                   
00002c4d  vTaskSuspend                       
00002d61  vTaskResume                        
00002ddf  xTaskResumeFromISR                 
00002e7d  vTaskStartScheduler                
00002ecd  vTaskEndScheduler                  
00002ee9  vTaskSuspendAll                    
00002efd  xTaskResumeAll                     
00002ff1  xTaskGetTickCount                  
00003009  xTaskGetTickCountFromISR           
0000303d  uxTaskGetNumberOfTasks             
00003043  pcTaskGetName                      
00003149  xTaskGetHandle                     
000031d5  uxTaskGetSystemState               
000032a7  xTaskGetIdleTaskHandle             
000032ad  xTaskCatchUpTicks                  
000032d5  xTaskAbortDelay                    
00003369  xTaskIncrementTick                 
00003477  vTaskSwitchContext                 
000034fd  vTaskPlaceOnEventList              
0000351d  vTaskPlaceOnUnorderedEventList     
00003559  xTaskRemoveFromEventList           
000035e9  vTaskRemoveFromUnorderedEventList  
00003651  vTaskSetTimeOutState               
00003679  vTaskInternalSetTimeOutState       
00003693  xTaskCheckForTimeOut               
0000373f  vTaskMissedYield                   
00003747  uxTaskGetTaskNumber                
00003767  vTaskSetTaskNumber                 
00003849  vTaskGetInfo                       
000039dd  uxTaskGetStackHighWaterMark        
00003a4d  xTaskGetCurrentTaskHandle          
00003a6d  xTaskGetSchedulerState             
00003aa9  xTaskPriorityInherit               
00003b67  xTaskPriorityDisinherit            
00003bed  vTaskPriorityDisinheritAfterTimeout
00003ca5  uxTaskResetEventItemValue          
00003ccb  pvTaskIncrementMutexHeldCount      
00003cf1  ulTaskGenericNotifyTake            
00003da1  xTaskGenericNotifyWait             
00003e69  xTaskGenericNotify                 
00003f85  xTaskGenericNotifyFromISR          
000040bb  vTaskGenericNotifyGiveFromISR      
0000417f  xTaskGenericNotifyStateClear       
000041d1  ulTaskGenericNotifyValueClear      
000042d9  xQueueGenericReset                 
00004379  xQueueGenericCreate                
0000442d  xQueueCreateMutex                  
00004459  xQueueGiveMutexRecursive           
00004495  xQueueTakeMutexRecursive           
000044dd  xQueueCreateCountingSemaphore      
000044fd  xQueueGenericSend                  
00004633  xQueueGenericSendFromISR           
000046d9  xQueueGiveFromISR                  
00004771  xQueueReceive                      
00004899  xQueueSemaphoreTake                
000049fb  xQueuePeek                         
00004b25  xQueueReceiveFromISR               
00004bc3  xQueuePeekFromISR                  
00004c19  uxQueueMessagesWaiting             
00004c2f  uxQueueSpacesAvailable             
00004c4f  uxQueueMessagesWaitingFromISR      
00004c65  vQueueDelete                       
00004c7b  uxQueueGetQueueNumber              
00004c89  vQueueSetQueueNumber               
00004c9b  ucQueueGetQueueType                
00004e97  xQueueIsQueueEmptyFromISR          
00004edd  xQueueIsQueueFullFromISR           
00004f03  vQueueAddToRegistry                
00004f45  pcQueueGetName                     
00004f85  vQueueUnregisterQueue              
00004fd1  pxPortInitialiseStack              
0000503b  xPortStartScheduler                
000050cf  vPortEndScheduler                  
000050d1  vPortEnterCritical                 
000050f1  vPortExitCritical                  
00005107  xPortSysTickHandler                
0000512d  vPortSetupTimerInterrupt           
00005149  vPortValidateInterruptPriority     
00005195  pvPortMalloc                       
0000528d  vPortFree                          
000052eb  xPortGetFreeHeapSize               
000052f1  vPortInitialiseBlocks              
0000534d  vListInitialise                    
0000537d  vListInitialiseItem                
0000538d  vListInsertEnd                     
000053c9  vListInsert                        
00005437  uxListRemove                       
00005491  ulPortGetIPSR                      
000054a9  xPortPendSVHandler                 
00005509  vPortSVCHandler                    
00005529  vPortStartFirstTask                
0000554d  vPortEnableVFP                     
0000555b  __aeabi_memcpy                     
0000555b  __aeabi_memcpy4                    
0000555b  __aeabi_memcpy8                    
0000555b  memcpy                             
000055f7  __aeabi_memclr                     
000055f7  __aeabi_memclr4                    
000055f7  __aeabi_memclr8                    
000055f9  __aeabi_memset                     
000055f9  __aeabi_memset4                    
000055f9  __aeabi_memset8                    
000055ff  memset                             
00005671  IntDisable                         
000056d9  IntEnable                          
00005741  __TI_decompress_lzss               
000057a9  __TI_auto_init_nobinit_nopinit     
000057ed  IntRegister                        
00005821  _c_int00_noargs                    
00005855  IntUnregister                      
00005869  __TI_decompress_none               
00005877  __TI_zero_init                     
00005883  ResetISR                           
0000588f  SysCtlDelay                        
00005895  CPUwfi                             
00005899  _system_pre_init                   
0000589d  C$$EXIT                            
0000589d  abort                              
00005de8  ulMaxSyscallInterruptPriority      
00005e0c  __TI_Handler_Table_Base            
00005e18  __TI_Handler_Table_Limit           
00005e28  __TI_CINIT_Base                    
00005e40  __TI_CINIT_Limit                   
20000000  g_pfnRAMVectors                    
200050f0  xQueueRegistry                     
200051bc  ColorHandle                        
200051c0  __stack                            
200053c0  __STACK_END                        
200053c0  __STACK_TOP                        
200053c0  pxCurrentTCB                       
ffffffff  __TI_pprof_out_hndl                
ffffffff  __TI_prof_data_size                
ffffffff  __TI_prof_data_start               
ffffffff  __binit__                          
ffffffff  __c_args__                         
ffffffff  binit                              
UNDEFED   __mpu_init                         
UNDEFED   _system_post_cinit                 

[303 symbols]
